******************************************************************************
                  TI ARM Linker PC v18.1.1                     
******************************************************************************
>> Linked Mon Mar 26 18:23:39 2018

OUTPUT FILE NAME:   <Lab01.out>
ENTRY POINT SYMBOL: "_c_int00_noinit_noargs"  address: 00000749


MEMORY CONFIGURATION

         name            origin    length      used     unused   attr    fill
----------------------  --------  ---------  --------  --------  ----  --------
  FLASH                 00000000   00100000  00000a50  000ff5b0  R  X
  SRAM                  20000000   00040000  00000200  0003fe00  RW X


SEGMENT ALLOCATION MAP

run origin  load origin   length   init length attrs members
----------  ----------- ---------- ----------- ----- -------
00000000    00000000    00000a50   00000a50    r-x
  00000000    00000000    00000208   00000208    r-- .intvecs
  00000208    00000208    000005f4   000005f4    r-x .text
  000007fc    000007fc    00000254   00000254    r-- .const
20000000    20000000    00000200   00000000    rw-
  20000000    20000000    00000200   00000000    rw- .stack


SECTION ALLOCATION MAP

 output                                  attributes/
section   page    origin      length       input sections
--------  ----  ----------  ----------   ----------------
.intvecs   0    00000000    00000208     
                  00000000    00000208     tm4c129encpdt_startup_ccs.obj (.intvecs)

.text      0    00000208    000005f4     
                  00000208    00000200     driverlib.lib : sysctl.obj (.text:SysCtlClockFreqSet)
                  00000408    00000190     Lab01.obj (.text)
                  00000598    00000132     driverlib.lib : gpio.obj (.text:GPIOPadConfigSet)
                  000006ca    00000002     --HOLE-- [fill = 0]
                  000006cc    00000048                   : sysctl.obj (.text:_SysCtlFrequencyGet)
                  00000714    00000034                   : sysctl.obj (.text:SysCtlPeripheralEnable)
                  00000748    00000030     rtsv7M4_T_le_v4SPD16_eabi.lib : boot_cortex_m.c.obj (.text:_c_int00_noinit_noargs:_c_int00_noinit_noargs)
                  00000778    0000002a     driverlib.lib : gpio.obj (.text:GPIODirModeSet)
                  000007a2    00000002     --HOLE-- [fill = 0]
                  000007a4    00000020                   : sysctl.obj (.text:_SysCtlMemTimingGet)
                  000007c4    00000018                   : gpio.obj (.text:GPIOPinTypeGPIOOutput)
                  000007dc    0000000c     tm4c129encpdt_startup_ccs.obj (.text)
                  000007e8    00000006     driverlib.lib : gpio.obj (.text:GPIOPinWrite)
                  000007ee    00000006                   : sysctl.obj (.text:SysCtlDelay)
                  000007f4    00000004     rtsv7M4_T_le_v4SPD16_eabi.lib : pre_init.c.obj (.text:_system_pre_init)
                  000007f8    00000004                                   : exit.c.obj (.text:abort:abort)

.const     0    000007fc    00000254     
                  000007fc    000001b0     driverlib.lib : sysctl.obj (.const:g_pppui32XTALtoVCO)
                  000009ac    0000006c                   : sysctl.obj (.const:g_pui32Xtals)
                  00000a18    00000030                   : sysctl.obj (.const:g_sXTALtoMEMTIM)
                  00000a48    00000008                   : sysctl.obj (.const)

.cinit     0    00000000    00000000     UNINITIALIZED

.init_array 
*          0    00000000    00000000     UNINITIALIZED

.stack     0    20000000    00000200     UNINITIALIZED
                  20000000    00000004     rtsv7M4_T_le_v4SPD16_eabi.lib : boot_cortex_m.c.obj (.stack)
                  20000004    000001fc     --HOLE--

MODULE SUMMARY

       Module                          code   ro data   rw data
       ------                          ----   -------   -------
    .\
       tm4c129encpdt_startup_ccs.obj   12     520       0      
       Lab01.obj                       400    0         0      
    +--+-------------------------------+------+---------+---------+
       Total:                          412    520       0      
                                                               
    C:/Tools/TexasInstruments/TivaWare_C_Series-2.1.4.178/driverlib/ccs/Debug/driverlib.lib
       sysctl.obj                      674    596       0      
       gpio.obj                        378    0         0      
    +--+-------------------------------+------+---------+---------+
       Total:                          1052   596       0      
                                                               
    C:\Tools\TexasInstruments\ccsv8\tools\compiler\ti-cgt-arm_18.1.1.LTS\lib\rtsv7M4_T_le_v4SPD16_eabi.lib
       boot_cortex_m.c.obj             48     0         0      
       exit.c.obj                      4      0         0      
       pre_init.c.obj                  4      0         0      
    +--+-------------------------------+------+---------+---------+
       Total:                          56     0         0      
                                                               
       Stack:                          0      0         512    
    +--+-------------------------------+------+---------+---------+
       Grand Total:                    1520   1116      512    


GLOBAL SYMBOLS: SORTED ALPHABETICALLY BY Name 

address   name                  
-------   ----                  
000007f9  C$$EXIT               
00000779  GPIODirModeSet        
00000599  GPIOPadConfigSet      
000007c5  GPIOPinTypeGPIOOutput 
000007e9  GPIOPinWrite          
000007dd  ResetISR              
00000209  SysCtlClockFreqSet    
000007ef  SysCtlDelay           
00000715  SysCtlPeripheralEnable
20000200  __STACK_END           
00000200  __STACK_SIZE          
20000200  __STACK_TOP           
ffffffff  __TI_pprof_out_hndl   
ffffffff  __TI_prof_data_size   
ffffffff  __TI_prof_data_start  
00000000  __TI_static_base__    
ffffffff  __binit__             
ffffffff  __c_args__            
UNDEFED   __mpu_init            
20000000  __stack               
00000749  _c_int00_noinit_noargs
000007f5  _system_pre_init      
000007f9  abort                 
ffffffff  binit                 
00000000  g_pfnVectors          
00000409  main                  
0000055b  setLamps              


GLOBAL SYMBOLS: SORTED BY Symbol Address 

address   name                  
-------   ----                  
00000000  __TI_static_base__    
00000000  g_pfnVectors          
00000200  __STACK_SIZE          
00000209  SysCtlClockFreqSet    
00000409  main                  
0000055b  setLamps              
00000599  GPIOPadConfigSet      
00000715  SysCtlPeripheralEnable
00000749  _c_int00_noinit_noargs
00000779  GPIODirModeSet        
000007c5  GPIOPinTypeGPIOOutput 
000007dd  ResetISR              
000007e9  GPIOPinWrite          
000007ef  SysCtlDelay           
000007f5  _system_pre_init      
000007f9  C$$EXIT               
000007f9  abort                 
20000000  __stack               
20000200  __STACK_END           
20000200  __STACK_TOP           
ffffffff  __TI_pprof_out_hndl   
ffffffff  __TI_prof_data_size   
ffffffff  __TI_prof_data_start  
ffffffff  __binit__             
ffffffff  __c_args__            
ffffffff  binit                 
UNDEFED   __mpu_init            

[27 symbols]
