******************************************************************************
                  TI ARM Linker PC v18.1.1                     
******************************************************************************
>> Linked Tue Apr 24 18:14:40 2018

OUTPUT FILE NAME:   <Scheinaufgabe2.out>
ENTRY POINT SYMBOL: "_c_int00_noinit_noargs"  address: 00000825


MEMORY CONFIGURATION

         name            origin    length      used     unused   attr    fill
----------------------  --------  ---------  --------  --------  ----  --------
  FLASH                 00000000   00100000  00000bea  000ff416  R  X
  SRAM                  20000000   00040000  00000200  0003fe00  RW X


SEGMENT ALLOCATION MAP

run origin  load origin   length   init length attrs members
----------  ----------- ---------- ----------- ----- -------
00000000    00000000    00000bec   00000bec    r-x
  00000000    00000000    00000208   00000208    r-- .intvecs
  00000208    00000208    000006fe   000006fe    r-x .text
  00000908    00000908    000002e4   000002e4    r-- .const
20000000    20000000    00000200   00000000    rw-
  20000000    20000000    00000200   00000000    rw- .stack


SECTION ALLOCATION MAP

 output                                  attributes/
section   page    origin      length       input sections
--------  ----  ----------  ----------   ----------------
.intvecs   0    00000000    00000208     
                  00000000    00000208     tm4c129encpdt_startup_ccs.obj (.intvecs)

.text      0    00000208    000006fe     
                  00000208    00000200     driverlib.lib : sysctl.obj (.text:SysCtlClockFreqSet)
                  00000408    000001b0     Lab01.obj (.text)
                  000005b8    00000132     driverlib.lib : gpio.obj (.text:GPIOPadConfigSet)
                  000006ea    00000002     --HOLE-- [fill = 0]
                  000006ec    00000048                   : gpio.obj (.text:GPIOPinConfigure)
                  00000734    00000048                   : sysctl.obj (.text:_SysCtlFrequencyGet)
                  0000077c    0000003c                   : ssi.obj (.text:SSIConfigSetExpClk)
                  000007b8    00000038                   : sysctl.obj (.text:SysCtlPeripheralReady)
                  000007f0    00000034                   : sysctl.obj (.text:SysCtlPeripheralEnable)
                  00000824    00000030     rtsv7M4_T_le_v4SPD16_eabi.lib : boot_cortex_m.c.obj (.text:_c_int00_noinit_noargs:_c_int00_noinit_noargs)
                  00000854    0000002a     driverlib.lib : gpio.obj (.text:GPIODirModeSet)
                  0000087e    00000002     --HOLE-- [fill = 0]
                  00000880    00000020                   : sysctl.obj (.text:_SysCtlMemTimingGet)
                  000008a0    00000018                   : gpio.obj (.text:GPIOPinTypeGPIOOutput)
                  000008b8    00000012                   : gpio.obj (.text:GPIOPinTypeSSI)
                  000008ca    0000000c     tm4c129encpdt_startup_ccs.obj (.text)
                  000008d6    0000000a     driverlib.lib : ssi.obj (.text:SSIDataPut)
                  000008e0    0000000a                   : ssi.obj (.text:SSIEnable)
                  000008ea    00000008                   : ssi.obj (.text:SSIBusy)
                  000008f2    00000006                   : gpio.obj (.text:GPIOPinWrite)
                  000008f8    00000006                   : sysctl.obj (.text:SysCtlDelay)
                  000008fe    00000004     rtsv7M4_T_le_v4SPD16_eabi.lib : pre_init.c.obj (.text:_system_pre_init)
                  00000902    00000004                                   : exit.c.obj (.text:abort:abort)

.const     0    00000908    000002e4     
                  00000908    000001b0     driverlib.lib : sysctl.obj (.const:g_pppui32XTALtoVCO)
                  00000ab8    00000090                   : gpio.obj (.const:g_pui32GPIOBaseAddrs)
                  00000b48    0000006c                   : sysctl.obj (.const:g_pui32Xtals)
                  00000bb4    00000030                   : sysctl.obj (.const:g_sXTALtoMEMTIM)
                  00000be4    00000008                   : sysctl.obj (.const)

.cinit     0    00000000    00000000     UNINITIALIZED

.init_array 
*          0    00000000    00000000     UNINITIALIZED

.stack     0    20000000    00000200     UNINITIALIZED
                  20000000    00000004     rtsv7M4_T_le_v4SPD16_eabi.lib : boot_cortex_m.c.obj (.stack)
                  20000004    000001fc     --HOLE--

MODULE SUMMARY

       Module                          code   ro data   rw data
       ------                          ----   -------   -------
    .\
       tm4c129encpdt_startup_ccs.obj   12     520       0      
       Lab01.obj                       432    0         0      
    +--+-------------------------------+------+---------+---------+
       Total:                          444    520       0      
                                                               
    C:/Tools/TexasInstruments/TivaWare_C_Series-2.1.4.178/driverlib/ccs/Debug/driverlib.lib
       sysctl.obj                      730    596       0      
       gpio.obj                        468    144       0      
       ssi.obj                         88     0         0      
    +--+-------------------------------+------+---------+---------+
       Total:                          1286   740       0      
                                                               
    C:\Tools\TexasInstruments\ccsv8\tools\compiler\ti-cgt-arm_18.1.1.LTS\lib\rtsv7M4_T_le_v4SPD16_eabi.lib
       boot_cortex_m.c.obj             48     0         0      
       exit.c.obj                      4      0         0      
       pre_init.c.obj                  4      0         0      
    +--+-------------------------------+------+---------+---------+
       Total:                          56     0         0      
                                                               
       Stack:                          0      0         512    
    +--+-------------------------------+------+---------+---------+
       Grand Total:                    1786   1260      512    


GLOBAL SYMBOLS: SORTED ALPHABETICALLY BY Name 

address   name                  
-------   ----                  
00000903  C$$EXIT               
00000855  GPIODirModeSet        
000005b9  GPIOPadConfigSet      
000006ed  GPIOPinConfigure      
000008a1  GPIOPinTypeGPIOOutput 
000008b9  GPIOPinTypeSSI        
000008f3  GPIOPinWrite          
000008cb  ResetISR              
000004cb  SSI0SendData_xy       
000008eb  SSIBusy               
0000077d  SSIConfigSetExpClk    
000008d7  SSIDataPut            
000008e1  SSIEnable             
00000209  SysCtlClockFreqSet    
000008f9  SysCtlDelay           
000007f1  SysCtlPeripheralEnable
000007b9  SysCtlPeripheralReady 
20000200  __STACK_END           
00000200  __STACK_SIZE          
20000200  __STACK_TOP           
ffffffff  __TI_pprof_out_hndl   
ffffffff  __TI_prof_data_size   
ffffffff  __TI_prof_data_start  
00000000  __TI_static_base__    
ffffffff  __binit__             
ffffffff  __c_args__            
UNDEFED   __mpu_init            
20000000  __stack               
00000825  _c_int00_noinit_noargs
000008ff  _system_pre_init      
00000903  abort                 
ffffffff  binit                 
00000000  g_pfnVectors          
00000409  main                  


GLOBAL SYMBOLS: SORTED BY Symbol Address 

address   name                  
-------   ----                  
00000000  __TI_static_base__    
00000000  g_pfnVectors          
00000200  __STACK_SIZE          
00000209  SysCtlClockFreqSet    
00000409  main                  
000004cb  SSI0SendData_xy       
000005b9  GPIOPadConfigSet      
000006ed  GPIOPinConfigure      
0000077d  SSIConfigSetExpClk    
000007b9  SysCtlPeripheralReady 
000007f1  SysCtlPeripheralEnable
00000825  _c_int00_noinit_noargs
00000855  GPIODirModeSet        
000008a1  GPIOPinTypeGPIOOutput 
000008b9  GPIOPinTypeSSI        
000008cb  ResetISR              
000008d7  SSIDataPut            
000008e1  SSIEnable             
000008eb  SSIBusy               
000008f3  GPIOPinWrite          
000008f9  SysCtlDelay           
000008ff  _system_pre_init      
00000903  C$$EXIT               
00000903  abort                 
20000000  __stack               
20000200  __STACK_END           
20000200  __STACK_TOP           
ffffffff  __TI_pprof_out_hndl   
ffffffff  __TI_prof_data_size   
ffffffff  __TI_prof_data_start  
ffffffff  __binit__             
ffffffff  __c_args__            
ffffffff  binit                 
UNDEFED   __mpu_init            

[34 symbols]
