<?xml version="1.0" encoding="ISO-8859-1" ?>
<link_info>
   <banner>TI ARM Linker PC v18.1.1.LTS</banner>
   <copyright>Copyright (c) 1996-2017 Texas Instruments Incorporated</copyright>
   <link_time>0x5ad0acf9</link_time>
   <link_errors>0x0</link_errors>
   <output_file>Scheinaufgabe1_b.out</output_file>
   <entry_point>
      <name>_c_int00_noargs</name>
      <address>0xa35</address>
   </entry_point>
   <input_file_list>
      <input_file id="fl-2">
         <path>.\</path>
         <kind>object</kind>
         <file>Lab01.obj</file>
         <name>Lab01.obj</name>
      </input_file>
      <input_file id="fl-3">
         <path>.\</path>
         <kind>object</kind>
         <file>tm4c129encpdt_startup_ccs.obj</file>
         <name>tm4c129encpdt_startup_ccs.obj</name>
      </input_file>
      <input_file id="fl-8">
         <kind>object</kind>
         <file>&lt;internal&gt;</file>
         <name>&lt;internal&gt;</name>
      </input_file>
      <input_file id="fl-be">
         <path>C:\Tools\TexasInstruments\ccsv8\tools\compiler\ti-cgt-arm_18.1.1.LTS\lib\</path>
         <kind>archive</kind>
         <file>rtsv7M4_T_le_v4SPD16_eabi.lib</file>
         <name>copy_zero_init.c.obj</name>
      </input_file>
      <input_file id="fl-bf">
         <path>C:\Tools\TexasInstruments\ccsv8\tools\compiler\ti-cgt-arm_18.1.1.LTS\lib\</path>
         <kind>archive</kind>
         <file>rtsv7M4_T_le_v4SPD16_eabi.lib</file>
         <name>copy_decompress_none.c.obj</name>
      </input_file>
      <input_file id="fl-c0">
         <path>C:\Tools\TexasInstruments\ccsv8\tools\compiler\ti-cgt-arm_18.1.1.LTS\lib\</path>
         <kind>archive</kind>
         <file>rtsv7M4_T_le_v4SPD16_eabi.lib</file>
         <name>copy_decompress_lzss.c.obj</name>
      </input_file>
      <input_file id="fl-c1">
         <path>C:\Tools\TexasInstruments\ccsv8\tools\compiler\ti-cgt-arm_18.1.1.LTS\lib\</path>
         <kind>archive</kind>
         <file>rtsv7M4_T_le_v4SPD16_eabi.lib</file>
         <name>boot_cortex_m.c.obj</name>
      </input_file>
      <input_file id="fl-c2">
         <path>C:\Tools\TexasInstruments\ccsv8\tools\compiler\ti-cgt-arm_18.1.1.LTS\lib\</path>
         <kind>archive</kind>
         <file>rtsv7M4_T_le_v4SPD16_eabi.lib</file>
         <name>exit.c.obj</name>
      </input_file>
      <input_file id="fl-c3">
         <path>C:\Tools\TexasInstruments\ccsv8\tools\compiler\ti-cgt-arm_18.1.1.LTS\lib\</path>
         <kind>archive</kind>
         <file>rtsv7M4_T_le_v4SPD16_eabi.lib</file>
         <name>_lock.c.obj</name>
      </input_file>
      <input_file id="fl-c4">
         <path>C:\Tools\TexasInstruments\ccsv8\tools\compiler\ti-cgt-arm_18.1.1.LTS\lib\</path>
         <kind>archive</kind>
         <file>rtsv7M4_T_le_v4SPD16_eabi.lib</file>
         <name>args_main.c.obj</name>
      </input_file>
      <input_file id="fl-c5">
         <path>C:\Tools\TexasInstruments\ccsv8\tools\compiler\ti-cgt-arm_18.1.1.LTS\lib\</path>
         <kind>archive</kind>
         <file>rtsv7M4_T_le_v4SPD16_eabi.lib</file>
         <name>memcpy_t2.asm.obj</name>
      </input_file>
      <input_file id="fl-c6">
         <path>C:\Tools\TexasInstruments\ccsv8\tools\compiler\ti-cgt-arm_18.1.1.LTS\lib\</path>
         <kind>archive</kind>
         <file>rtsv7M4_T_le_v4SPD16_eabi.lib</file>
         <name>memset_t2.asm.obj</name>
      </input_file>
      <input_file id="fl-c7">
         <path>C:\Tools\TexasInstruments\ccsv8\tools\compiler\ti-cgt-arm_18.1.1.LTS\lib\</path>
         <kind>archive</kind>
         <file>rtsv7M4_T_le_v4SPD16_eabi.lib</file>
         <name>autoinit.c.obj</name>
      </input_file>
      <input_file id="fl-c8">
         <path>C:\Tools\TexasInstruments\ccsv8\tools\compiler\ti-cgt-arm_18.1.1.LTS\lib\</path>
         <kind>archive</kind>
         <file>rtsv7M4_T_le_v4SPD16_eabi.lib</file>
         <name>pre_init.c.obj</name>
      </input_file>
      <input_file id="fl-c9">
         <path>C:\Tools\TexasInstruments\ccsv8\tools\compiler\ti-cgt-arm_18.1.1.LTS\lib\</path>
         <kind>archive</kind>
         <file>rtsv7M4_T_le_v4SPD16_eabi.lib</file>
         <name>cpy_tbl.c.obj</name>
      </input_file>
      <input_file id="fl-ca">
         <path>C:\Tools\TexasInstruments\TivaWare_C_Series-2.1.4.178\driverlib\ccs\Debug\</path>
         <kind>archive</kind>
         <file>driverlib.lib</file>
         <name>gpio.obj</name>
      </input_file>
      <input_file id="fl-cb">
         <path>C:\Tools\TexasInstruments\TivaWare_C_Series-2.1.4.178\driverlib\ccs\Debug\</path>
         <kind>archive</kind>
         <file>driverlib.lib</file>
         <name>interrupt.obj</name>
      </input_file>
      <input_file id="fl-cc">
         <path>C:\Tools\TexasInstruments\TivaWare_C_Series-2.1.4.178\driverlib\ccs\Debug\</path>
         <kind>archive</kind>
         <file>driverlib.lib</file>
         <name>sysctl.obj</name>
      </input_file>
      <input_file id="fl-cd">
         <path>C:\Tools\TexasInstruments\TivaWare_C_Series-2.1.4.178\driverlib\ccs\Debug\</path>
         <kind>archive</kind>
         <file>driverlib.lib</file>
         <name>timer.obj</name>
      </input_file>
      <input_file id="fl-ce">
         <path>C:\Tools\TexasInstruments\TivaWare_C_Series-2.1.4.178\driverlib\ccs\Debug\</path>
         <kind>archive</kind>
         <file>driverlib.lib</file>
         <name>cpu.obj</name>
      </input_file>
   </input_file_list>
   <object_component_list>
      <object_component id="oc-f">
         <name>.intvecs</name>
         <load_address>0x0</load_address>
         <run_address>0x0</run_address>
         <size>0x208</size>
         <input_file_ref idref="fl-3"/>
      </object_component>
      <object_component id="oc-98">
         <name>.text</name>
         <load_address>0x208</load_address>
         <run_address>0x208</run_address>
         <size>0x21c</size>
         <input_file_ref idref="fl-2"/>
      </object_component>
      <object_component id="oc-c5">
         <name>.text:SysCtlClockFreqSet</name>
         <load_address>0x424</load_address>
         <run_address>0x424</run_address>
         <size>0x200</size>
         <input_file_ref idref="fl-cc"/>
      </object_component>
      <object_component id="oc-176">
         <name>.text:GPIOPadConfigSet</name>
         <load_address>0x624</load_address>
         <run_address>0x624</run_address>
         <size>0x132</size>
         <input_file_ref idref="fl-ca"/>
      </object_component>
      <object_component id="oc-38">
         <name>.text</name>
         <load_address>0x756</load_address>
         <run_address>0x756</run_address>
         <size>0x9c</size>
         <input_file_ref idref="fl-c5"/>
      </object_component>
      <object_component id="oc-f6">
         <name>.text:IntEnable</name>
         <load_address>0x7f4</load_address>
         <run_address>0x7f4</run_address>
         <size>0x68</size>
         <input_file_ref idref="fl-cb"/>
      </object_component>
      <object_component id="oc-12">
         <name>.text:decompress:lzss:__TI_decompress_lzss</name>
         <load_address>0x85c</load_address>
         <run_address>0x85c</run_address>
         <size>0x68</size>
         <input_file_ref idref="fl-c0"/>
      </object_component>
      <object_component id="oc-e4">
         <name>.text:TimerConfigure</name>
         <load_address>0x8c4</load_address>
         <run_address>0x8c4</run_address>
         <size>0x60</size>
         <input_file_ref idref="fl-cd"/>
      </object_component>
      <object_component id="oc-195">
         <name>.text:_TimerIntNumberGet</name>
         <load_address>0x924</load_address>
         <run_address>0x924</run_address>
         <size>0x4c</size>
         <input_file_ref idref="fl-cd"/>
      </object_component>
      <object_component id="oc-15e">
         <name>.text:_SysCtlFrequencyGet</name>
         <load_address>0x970</load_address>
         <run_address>0x970</run_address>
         <size>0x48</size>
         <input_file_ref idref="fl-cc"/>
      </object_component>
      <object_component id="oc-124">
         <name>.text:__TI_auto_init_nobinit_nopinit:__TI_auto_init_nobinit_nopinit</name>
         <load_address>0x9b8</load_address>
         <run_address>0x9b8</run_address>
         <size>0x44</size>
         <input_file_ref idref="fl-c7"/>
      </object_component>
      <object_component id="oc-d1">
         <name>.text:SysCtlPeripheralReady</name>
         <load_address>0x9fc</load_address>
         <run_address>0x9fc</run_address>
         <size>0x38</size>
         <input_file_ref idref="fl-cc"/>
      </object_component>
      <object_component id="oc-56">
         <name>.text:_c_int00_noargs:_c_int00_noargs</name>
         <load_address>0xa34</load_address>
         <run_address>0xa34</run_address>
         <size>0x38</size>
         <input_file_ref idref="fl-c1"/>
      </object_component>
      <object_component id="oc-19b">
         <name>.text:IntRegister</name>
         <load_address>0xa6c</load_address>
         <run_address>0xa6c</run_address>
         <size>0x34</size>
         <input_file_ref idref="fl-cb"/>
      </object_component>
      <object_component id="oc-cb">
         <name>.text:SysCtlPeripheralEnable</name>
         <load_address>0xaa0</load_address>
         <run_address>0xaa0</run_address>
         <size>0x34</size>
         <input_file_ref idref="fl-cc"/>
      </object_component>
      <object_component id="oc-17c">
         <name>.text:GPIODirModeSet</name>
         <load_address>0xad4</load_address>
         <run_address>0xad4</run_address>
         <size>0x2a</size>
         <input_file_ref idref="fl-ca"/>
      </object_component>
      <object_component id="oc-158">
         <name>.text:_SysCtlMemTimingGet</name>
         <load_address>0xb00</load_address>
         <run_address>0xb00</run_address>
         <size>0x20</size>
         <input_file_ref idref="fl-cc"/>
      </object_component>
      <object_component id="oc-d8">
         <name>.text:GPIOPinTypeGPIOOutput</name>
         <load_address>0xb20</load_address>
         <run_address>0xb20</run_address>
         <size>0x18</size>
         <input_file_ref idref="fl-ca"/>
      </object_component>
      <object_component id="oc-102">
         <name>.text:TimerIntRegister</name>
         <load_address>0xb38</load_address>
         <run_address>0xb38</run_address>
         <size>0x18</size>
         <input_file_ref idref="fl-cd"/>
      </object_component>
      <object_component id="oc-ea">
         <name>.text:TimerLoadSet</name>
         <load_address>0xb50</load_address>
         <run_address>0xb50</run_address>
         <size>0x12</size>
         <input_file_ref idref="fl-cd"/>
      </object_component>
      <object_component id="oc-44">
         <name>.text:decompress:ZI:__TI_zero_init_nomemset:__TI_zero_init_nomemset</name>
         <load_address>0xb62</load_address>
         <run_address>0xb62</run_address>
         <size>0x12</size>
         <input_file_ref idref="fl-be"/>
      </object_component>
      <object_component id="oc-fc">
         <name>.text:IntMasterEnable</name>
         <load_address>0xb74</load_address>
         <run_address>0xb74</run_address>
         <size>0x10</size>
         <input_file_ref idref="fl-cb"/>
      </object_component>
      <object_component id="oc-108">
         <name>.text:TimerEnable</name>
         <load_address>0xb84</load_address>
         <run_address>0xb84</run_address>
         <size>0xe</size>
         <input_file_ref idref="fl-cd"/>
      </object_component>
      <object_component id="oc-18">
         <name>.text:decompress:none:__TI_decompress_none</name>
         <load_address>0xb92</load_address>
         <run_address>0xb92</run_address>
         <size>0xe</size>
         <input_file_ref idref="fl-bf"/>
      </object_component>
      <object_component id="oc-18e">
         <name>.text:CPUcpsie</name>
         <load_address>0xba0</load_address>
         <run_address>0xba0</run_address>
         <size>0xc</size>
         <input_file_ref idref="fl-ce"/>
      </object_component>
      <object_component id="oc-24">
         <name>.text</name>
         <load_address>0xbac</load_address>
         <run_address>0xbac</run_address>
         <size>0xc</size>
         <input_file_ref idref="fl-3"/>
      </object_component>
      <object_component id="oc-f0">
         <name>.text:TimerIntEnable</name>
         <load_address>0xbb8</load_address>
         <run_address>0xbb8</run_address>
         <size>0x8</size>
         <input_file_ref idref="fl-cd"/>
      </object_component>
      <object_component id="oc-de">
         <name>.text:GPIOPinWrite</name>
         <load_address>0xbc0</load_address>
         <run_address>0xbc0</run_address>
         <size>0x6</size>
         <input_file_ref idref="fl-ca"/>
      </object_component>
      <object_component id="oc-d7">
         <name>.text:SysCtlDelay</name>
         <load_address>0xbc6</load_address>
         <run_address>0xbc6</run_address>
         <size>0x6</size>
         <input_file_ref idref="fl-cc"/>
      </object_component>
      <object_component id="oc-10e">
         <name>.text:TimerIntClear</name>
         <load_address>0xbcc</load_address>
         <run_address>0xbcc</run_address>
         <size>0x4</size>
         <input_file_ref idref="fl-cd"/>
      </object_component>
      <object_component id="oc-92">
         <name>.text:_system_pre_init</name>
         <load_address>0xbd0</load_address>
         <run_address>0xbd0</run_address>
         <size>0x4</size>
         <input_file_ref idref="fl-c8"/>
      </object_component>
      <object_component id="oc-118">
         <name>.text:abort:abort</name>
         <load_address>0xbd4</load_address>
         <run_address>0xbd4</run_address>
         <size>0x4</size>
         <input_file_ref idref="fl-c2"/>
      </object_component>
      <object_component id="oc-167">
         <name>.const:g_pppui32XTALtoVCO</name>
         <load_address>0xbd8</load_address>
         <run_address>0xbd8</run_address>
         <size>0x1b0</size>
         <input_file_ref idref="fl-cc"/>
      </object_component>
      <object_component id="oc-189">
         <name>.const</name>
         <load_address>0xd88</load_address>
         <run_address>0xd88</run_address>
         <size>0x70</size>
         <input_file_ref idref="fl-cb"/>
      </object_component>
      <object_component id="oc-164">
         <name>.const:g_pui32Xtals</name>
         <load_address>0xdf8</load_address>
         <run_address>0xdf8</run_address>
         <size>0x6c</size>
         <input_file_ref idref="fl-cc"/>
      </object_component>
      <object_component id="oc-1e3">
         <name>.const:g_ppui32TimerIntMap</name>
         <load_address>0xe64</load_address>
         <run_address>0xe64</run_address>
         <size>0x60</size>
         <input_file_ref idref="fl-cd"/>
      </object_component>
      <object_component id="oc-1e6">
         <name>.const:g_ppui32TimerIntMapSnowflake</name>
         <load_address>0xec4</load_address>
         <run_address>0xec4</run_address>
         <size>0x40</size>
         <input_file_ref idref="fl-cd"/>
      </object_component>
      <object_component id="oc-1c6">
         <name>.const:g_sXTALtoMEMTIM</name>
         <load_address>0xf04</load_address>
         <run_address>0xf04</run_address>
         <size>0x30</size>
         <input_file_ref idref="fl-cc"/>
      </object_component>
      <object_component id="oc-16a">
         <name>.const</name>
         <load_address>0xf34</load_address>
         <run_address>0xf34</run_address>
         <size>0x8</size>
         <input_file_ref idref="fl-cc"/>
      </object_component>
      <object_component id="oc-24d">
         <name>__TI_handler_table</name>
         <load_address>0xf40</load_address>
         <run_address>0xf40</run_address>
         <size>0xc</size>
      </object_component>
      <object_component id="oc-250">
         <name>.cinit..data.load</name>
         <load_address>0xf4c</load_address>
         <run_address>0xf4c</run_address>
         <size>0x8</size>
      </object_component>
      <object_component id="oc-24f">
         <name>.cinit..vtable.load</name>
         <load_address>0xf58</load_address>
         <run_address>0xf58</run_address>
         <size>0x8</size>
      </object_component>
      <object_component id="oc-24e">
         <name>__TI_cinit_table</name>
         <load_address>0xf60</load_address>
         <run_address>0xf60</run_address>
         <size>0x10</size>
      </object_component>
      <object_component id="oc-1ea">
         <name>.vtable</name>
         <uninitialized>true</uninitialized>
         <run_address>0x20000000</run_address>
         <size>0x26c</size>
         <input_file_ref idref="fl-cb"/>
      </object_component>
      <object_component id="oc-114">
         <name>.data</name>
         <load_address>0x2000026c</load_address>
         <run_address>0x2000026c</run_address>
         <size>0x4</size>
         <input_file_ref idref="fl-2"/>
      </object_component>
      <object_component id="oc-21">
         <name>.stack</name>
         <uninitialized>true</uninitialized>
         <run_address>0x20000270</run_address>
         <size>0x4</size>
         <input_file_ref idref="fl-c1"/>
      </object_component>
      <object_component id="oc-251">
         <name>.stack</name>
         <uninitialized>true</uninitialized>
         <run_address>0x20000270</run_address>
         <size>0x0</size>
      </object_component>
      <object_component id="oc-b4">
         <name>.debug_info</name>
         <load_address>0x0</load_address>
         <run_address>0x0</run_address>
         <size>0x546</size>
         <input_file_ref idref="fl-2"/>
      </object_component>
      <object_component id="oc-115">
         <name>.debug_info</name>
         <load_address>0x546</load_address>
         <run_address>0x546</run_address>
         <size>0xcd</size>
         <input_file_ref idref="fl-2"/>
      </object_component>
      <object_component id="oc-9a">
         <name>.debug_info</name>
         <load_address>0x613</load_address>
         <run_address>0x613</run_address>
         <size>0x4e7</size>
         <input_file_ref idref="fl-2"/>
      </object_component>
      <object_component id="oc-6d">
         <name>.debug_info</name>
         <load_address>0xafa</load_address>
         <run_address>0xafa</run_address>
         <size>0x26b</size>
         <input_file_ref idref="fl-2"/>
      </object_component>
      <object_component id="oc-af">
         <name>.debug_info</name>
         <load_address>0xd65</load_address>
         <run_address>0xd65</run_address>
         <size>0x8b</size>
         <input_file_ref idref="fl-2"/>
      </object_component>
      <object_component id="oc-aa">
         <name>.debug_info</name>
         <load_address>0xdf0</load_address>
         <run_address>0xdf0</run_address>
         <size>0x297</size>
         <input_file_ref idref="fl-2"/>
      </object_component>
      <object_component id="oc-72">
         <name>.debug_info</name>
         <load_address>0x1087</load_address>
         <run_address>0x1087</run_address>
         <size>0xbb</size>
         <input_file_ref idref="fl-2"/>
      </object_component>
      <object_component id="oc-2c">
         <name>.debug_info</name>
         <load_address>0x1142</load_address>
         <run_address>0x1142</run_address>
         <size>0x2ac</size>
         <input_file_ref idref="fl-3"/>
      </object_component>
      <object_component id="oc-10">
         <name>.debug_info</name>
         <load_address>0x13ee</load_address>
         <run_address>0x13ee</run_address>
         <size>0xeb</size>
         <input_file_ref idref="fl-3"/>
      </object_component>
      <object_component id="oc-27">
         <name>.debug_info</name>
         <load_address>0x14d9</load_address>
         <run_address>0x14d9</run_address>
         <size>0x26a</size>
         <input_file_ref idref="fl-3"/>
      </object_component>
      <object_component id="oc-33">
         <name>.debug_info</name>
         <load_address>0x1743</load_address>
         <run_address>0x1743</run_address>
         <size>0x84</size>
         <input_file_ref idref="fl-3"/>
      </object_component>
      <object_component id="oc-8b">
         <name>.debug_info</name>
         <load_address>0x17c7</load_address>
         <run_address>0x17c7</run_address>
         <size>0x313</size>
         <input_file_ref idref="fl-be"/>
      </object_component>
      <object_component id="oc-45">
         <name>.debug_info</name>
         <load_address>0x1ada</load_address>
         <run_address>0x1ada</run_address>
         <size>0x1b4</size>
         <input_file_ref idref="fl-be"/>
      </object_component>
      <object_component id="oc-86">
         <name>.debug_info</name>
         <load_address>0x1c8e</load_address>
         <run_address>0x1c8e</run_address>
         <size>0x46</size>
         <input_file_ref idref="fl-be"/>
      </object_component>
      <object_component id="oc-bc">
         <name>.debug_info</name>
         <load_address>0x1cd4</load_address>
         <run_address>0x1cd4</run_address>
         <size>0x2c</size>
         <input_file_ref idref="fl-be"/>
      </object_component>
      <object_component id="oc-43">
         <name>.debug_info</name>
         <load_address>0x1d00</load_address>
         <run_address>0x1d00</run_address>
         <size>0x29d</size>
         <input_file_ref idref="fl-bf"/>
      </object_component>
      <object_component id="oc-1b">
         <name>.debug_info</name>
         <load_address>0x1f9d</load_address>
         <run_address>0x1f9d</run_address>
         <size>0x1df</size>
         <input_file_ref idref="fl-bf"/>
      </object_component>
      <object_component id="oc-3e">
         <name>.debug_info</name>
         <load_address>0x217c</load_address>
         <run_address>0x217c</run_address>
         <size>0x46</size>
         <input_file_ref idref="fl-bf"/>
      </object_component>
      <object_component id="oc-7e">
         <name>.debug_info</name>
         <load_address>0x21c2</load_address>
         <run_address>0x21c2</run_address>
         <size>0x2c</size>
         <input_file_ref idref="fl-bf"/>
      </object_component>
      <object_component id="oc-7c">
         <name>.debug_info</name>
         <load_address>0x21ee</load_address>
         <run_address>0x21ee</run_address>
         <size>0x293</size>
         <input_file_ref idref="fl-c0"/>
      </object_component>
      <object_component id="oc-13">
         <name>.debug_info</name>
         <load_address>0x2481</load_address>
         <run_address>0x2481</run_address>
         <size>0x245</size>
         <input_file_ref idref="fl-c0"/>
      </object_component>
      <object_component id="oc-2e">
         <name>.debug_info</name>
         <load_address>0x26c6</load_address>
         <run_address>0x26c6</run_address>
         <size>0x60</size>
         <input_file_ref idref="fl-c0"/>
      </object_component>
      <object_component id="oc-b5">
         <name>.debug_info</name>
         <load_address>0x2726</load_address>
         <run_address>0x2726</run_address>
         <size>0x46</size>
         <input_file_ref idref="fl-c0"/>
      </object_component>
      <object_component id="oc-77">
         <name>.debug_info</name>
         <load_address>0x276c</load_address>
         <run_address>0x276c</run_address>
         <size>0x39</size>
         <input_file_ref idref="fl-c0"/>
      </object_component>
      <object_component id="oc-22">
         <name>.debug_info</name>
         <load_address>0x27a5</load_address>
         <run_address>0x27a5</run_address>
         <size>0x100</size>
         <input_file_ref idref="fl-c1"/>
      </object_component>
      <object_component id="oc-59">
         <name>.debug_info</name>
         <load_address>0x28a5</load_address>
         <run_address>0x28a5</run_address>
         <size>0x1a4</size>
         <input_file_ref idref="fl-c1"/>
      </object_component>
      <object_component id="oc-11b">
         <name>.debug_info</name>
         <load_address>0x2a49</load_address>
         <run_address>0x2a49</run_address>
         <size>0x117</size>
         <input_file_ref idref="fl-c2"/>
      </object_component>
      <object_component id="oc-39">
         <name>.debug_info</name>
         <load_address>0x2b60</load_address>
         <run_address>0x2b60</run_address>
         <size>0x111</size>
         <input_file_ref idref="fl-c5"/>
      </object_component>
      <object_component id="oc-1b1">
         <name>.debug_info</name>
         <load_address>0x2c71</load_address>
         <run_address>0x2c71</run_address>
         <size>0x547</size>
         <input_file_ref idref="fl-c7"/>
      </object_component>
      <object_component id="oc-126">
         <name>.debug_info</name>
         <load_address>0x31b8</load_address>
         <run_address>0x31b8</run_address>
         <size>0x19b</size>
         <input_file_ref idref="fl-c7"/>
      </object_component>
      <object_component id="oc-1fe">
         <name>.debug_info</name>
         <load_address>0x3353</load_address>
         <run_address>0x3353</run_address>
         <size>0x39</size>
         <input_file_ref idref="fl-c7"/>
      </object_component>
      <object_component id="oc-21a">
         <name>.debug_info</name>
         <load_address>0x338c</load_address>
         <run_address>0x338c</run_address>
         <size>0x39</size>
         <input_file_ref idref="fl-c7"/>
      </object_component>
      <object_component id="oc-203">
         <name>.debug_info</name>
         <load_address>0x33c5</load_address>
         <run_address>0x33c5</run_address>
         <size>0x39</size>
         <input_file_ref idref="fl-c7"/>
      </object_component>
      <object_component id="oc-208">
         <name>.debug_info</name>
         <load_address>0x33fe</load_address>
         <run_address>0x33fe</run_address>
         <size>0xcd</size>
         <input_file_ref idref="fl-c7"/>
      </object_component>
      <object_component id="oc-93">
         <name>.debug_info</name>
         <load_address>0x34cb</load_address>
         <run_address>0x34cb</run_address>
         <size>0x148</size>
         <input_file_ref idref="fl-c8"/>
      </object_component>
      <object_component id="oc-183">
         <name>.debug_info</name>
         <load_address>0x3613</load_address>
         <run_address>0x3613</run_address>
         <size>0x240</size>
         <input_file_ref idref="fl-ca"/>
      </object_component>
      <object_component id="oc-df">
         <name>.debug_info</name>
         <load_address>0x3853</load_address>
         <run_address>0x3853</run_address>
         <size>0x2a3</size>
         <input_file_ref idref="fl-ca"/>
      </object_component>
      <object_component id="oc-17d">
         <name>.debug_info</name>
         <load_address>0x3af6</load_address>
         <run_address>0x3af6</run_address>
         <size>0x2b3</size>
         <input_file_ref idref="fl-ca"/>
      </object_component>
      <object_component id="oc-177">
         <name>.debug_info</name>
         <load_address>0x3da9</load_address>
         <run_address>0x3da9</run_address>
         <size>0x316</size>
         <input_file_ref idref="fl-ca"/>
      </object_component>
      <object_component id="oc-d9">
         <name>.debug_info</name>
         <load_address>0x40bf</load_address>
         <run_address>0x40bf</run_address>
         <size>0x2b7</size>
         <input_file_ref idref="fl-ca"/>
      </object_component>
      <object_component id="oc-16e">
         <name>.debug_info</name>
         <load_address>0x4376</load_address>
         <run_address>0x4376</run_address>
         <size>0x18b</size>
         <input_file_ref idref="fl-ca"/>
      </object_component>
      <object_component id="oc-18d">
         <name>.debug_info</name>
         <load_address>0x4501</load_address>
         <run_address>0x4501</run_address>
         <size>0x20e</size>
         <input_file_ref idref="fl-cb"/>
      </object_component>
      <object_component id="oc-18a">
         <name>.debug_info</name>
         <load_address>0x470f</load_address>
         <run_address>0x470f</run_address>
         <size>0x210</size>
         <input_file_ref idref="fl-cb"/>
      </object_component>
      <object_component id="oc-1eb">
         <name>.debug_info</name>
         <load_address>0x491f</load_address>
         <run_address>0x491f</run_address>
         <size>0x157</size>
         <input_file_ref idref="fl-cb"/>
      </object_component>
      <object_component id="oc-19c">
         <name>.debug_info</name>
         <load_address>0x4a76</load_address>
         <run_address>0x4a76</run_address>
         <size>0x2c1</size>
         <input_file_ref idref="fl-cb"/>
      </object_component>
      <object_component id="oc-fd">
         <name>.debug_info</name>
         <load_address>0x4d37</load_address>
         <run_address>0x4d37</run_address>
         <size>0x23e</size>
         <input_file_ref idref="fl-cb"/>
      </object_component>
      <object_component id="oc-f7">
         <name>.debug_info</name>
         <load_address>0x4f75</load_address>
         <run_address>0x4f75</run_address>
         <size>0x268</size>
         <input_file_ref idref="fl-cb"/>
      </object_component>
      <object_component id="oc-173">
         <name>.debug_info</name>
         <load_address>0x51dd</load_address>
         <run_address>0x51dd</run_address>
         <size>0x298</size>
         <input_file_ref idref="fl-cc"/>
      </object_component>
      <object_component id="oc-165">
         <name>.debug_info</name>
         <load_address>0x5475</load_address>
         <run_address>0x5475</run_address>
         <size>0x14d</size>
         <input_file_ref idref="fl-cc"/>
      </object_component>
      <object_component id="oc-168">
         <name>.debug_info</name>
         <load_address>0x55c2</load_address>
         <run_address>0x55c2</run_address>
         <size>0x159</size>
         <input_file_ref idref="fl-cc"/>
      </object_component>
      <object_component id="oc-1c7">
         <name>.debug_info</name>
         <load_address>0x571b</load_address>
         <run_address>0x571b</run_address>
         <size>0x153</size>
         <input_file_ref idref="fl-cc"/>
      </object_component>
      <object_component id="oc-16b">
         <name>.debug_info</name>
         <load_address>0x586e</load_address>
         <run_address>0x586e</run_address>
         <size>0x160</size>
         <input_file_ref idref="fl-cc"/>
      </object_component>
      <object_component id="oc-d2">
         <name>.debug_info</name>
         <load_address>0x59ce</load_address>
         <run_address>0x59ce</run_address>
         <size>0x27f</size>
         <input_file_ref idref="fl-cc"/>
      </object_component>
      <object_component id="oc-cc">
         <name>.debug_info</name>
         <load_address>0x5c4d</load_address>
         <run_address>0x5c4d</run_address>
         <size>0x27d</size>
         <input_file_ref idref="fl-cc"/>
      </object_component>
      <object_component id="oc-159">
         <name>.debug_info</name>
         <load_address>0x5eca</load_address>
         <run_address>0x5eca</run_address>
         <size>0x270</size>
         <input_file_ref idref="fl-cc"/>
      </object_component>
      <object_component id="oc-15f">
         <name>.debug_info</name>
         <load_address>0x613a</load_address>
         <run_address>0x613a</run_address>
         <size>0x2ba</size>
         <input_file_ref idref="fl-cc"/>
      </object_component>
      <object_component id="oc-c6">
         <name>.debug_info</name>
         <load_address>0x63f4</load_address>
         <run_address>0x63f4</run_address>
         <size>0x49a</size>
         <input_file_ref idref="fl-cc"/>
      </object_component>
      <object_component id="oc-1d3">
         <name>.debug_info</name>
         <load_address>0x688e</load_address>
         <run_address>0x688e</run_address>
         <size>0x5f</size>
         <input_file_ref idref="fl-cc"/>
      </object_component>
      <object_component id="oc-186">
         <name>.debug_info</name>
         <load_address>0x68ed</load_address>
         <run_address>0x68ed</run_address>
         <size>0x223</size>
         <input_file_ref idref="fl-cd"/>
      </object_component>
      <object_component id="oc-1e4">
         <name>.debug_info</name>
         <load_address>0x6b10</load_address>
         <run_address>0x6b10</run_address>
         <size>0x15a</size>
         <input_file_ref idref="fl-cd"/>
      </object_component>
      <object_component id="oc-1e7">
         <name>.debug_info</name>
         <load_address>0x6c6a</load_address>
         <run_address>0x6c6a</run_address>
         <size>0x16c</size>
         <input_file_ref idref="fl-cd"/>
      </object_component>
      <object_component id="oc-eb">
         <name>.debug_info</name>
         <load_address>0x6dd6</load_address>
         <run_address>0x6dd6</run_address>
         <size>0x2ba</size>
         <input_file_ref idref="fl-cd"/>
      </object_component>
      <object_component id="oc-196">
         <name>.debug_info</name>
         <load_address>0x7090</load_address>
         <run_address>0x7090</run_address>
         <size>0x2eb</size>
         <input_file_ref idref="fl-cd"/>
      </object_component>
      <object_component id="oc-103">
         <name>.debug_info</name>
         <load_address>0x737b</load_address>
         <run_address>0x737b</run_address>
         <size>0x2e4</size>
         <input_file_ref idref="fl-cd"/>
      </object_component>
      <object_component id="oc-f1">
         <name>.debug_info</name>
         <load_address>0x765f</load_address>
         <run_address>0x765f</run_address>
         <size>0x294</size>
         <input_file_ref idref="fl-cd"/>
      </object_component>
      <object_component id="oc-10f">
         <name>.debug_info</name>
         <load_address>0x78f3</load_address>
         <run_address>0x78f3</run_address>
         <size>0x292</size>
         <input_file_ref idref="fl-cd"/>
      </object_component>
      <object_component id="oc-109">
         <name>.debug_info</name>
         <load_address>0x7b85</load_address>
         <run_address>0x7b85</run_address>
         <size>0x27f</size>
         <input_file_ref idref="fl-cd"/>
      </object_component>
      <object_component id="oc-e5">
         <name>.debug_info</name>
         <load_address>0x7e04</load_address>
         <run_address>0x7e04</run_address>
         <size>0x28c</size>
         <input_file_ref idref="fl-cd"/>
      </object_component>
      <object_component id="oc-18f">
         <name>.debug_info</name>
         <load_address>0x8090</load_address>
         <run_address>0x8090</run_address>
         <size>0x212</size>
         <input_file_ref idref="fl-ce"/>
      </object_component>
      <object_component id="oc-252">
         <name>.debug_info</name>
         <load_address>0x82a2</load_address>
         <run_address>0x82a2</run_address>
         <size>0xa0</size>
      </object_component>
      <object_component id="oc-157">
         <name>.debug_line</name>
         <load_address>0x0</load_address>
         <run_address>0x0</run_address>
         <size>0x150</size>
         <input_file_ref idref="fl-2"/>
      </object_component>
      <object_component id="oc-1a5">
         <name>.debug_line</name>
         <load_address>0x150</load_address>
         <run_address>0x150</run_address>
         <size>0x2e</size>
         <input_file_ref idref="fl-2"/>
      </object_component>
      <object_component id="oc-99">
         <name>.debug_line</name>
         <load_address>0x17e</load_address>
         <run_address>0x17e</run_address>
         <size>0x114</size>
         <input_file_ref idref="fl-2"/>
      </object_component>
      <object_component id="oc-70">
         <name>.debug_line</name>
         <load_address>0x292</load_address>
         <run_address>0x292</run_address>
         <size>0x7d</size>
         <input_file_ref idref="fl-2"/>
      </object_component>
      <object_component id="oc-b2">
         <name>.debug_line</name>
         <load_address>0x30f</load_address>
         <run_address>0x30f</run_address>
         <size>0x20</size>
         <input_file_ref idref="fl-2"/>
      </object_component>
      <object_component id="oc-ad">
         <name>.debug_line</name>
         <load_address>0x32f</load_address>
         <run_address>0x32f</run_address>
         <size>0x81</size>
         <input_file_ref idref="fl-2"/>
      </object_component>
      <object_component id="oc-75">
         <name>.debug_line</name>
         <load_address>0x3b0</load_address>
         <run_address>0x3b0</run_address>
         <size>0x7e</size>
         <input_file_ref idref="fl-2"/>
      </object_component>
      <object_component id="oc-6c">
         <name>.debug_line</name>
         <load_address>0x42e</load_address>
         <run_address>0x42e</run_address>
         <size>0x42</size>
         <input_file_ref idref="fl-3"/>
      </object_component>
      <object_component id="oc-2b">
         <name>.debug_line</name>
         <load_address>0x470</load_address>
         <run_address>0x470</run_address>
         <size>0x42</size>
         <input_file_ref idref="fl-3"/>
      </object_component>
      <object_component id="oc-25">
         <name>.debug_line</name>
         <load_address>0x4b2</load_address>
         <run_address>0x4b2</run_address>
         <size>0xa2</size>
         <input_file_ref idref="fl-3"/>
      </object_component>
      <object_component id="oc-36">
         <name>.debug_line</name>
         <load_address>0x554</load_address>
         <run_address>0x554</run_address>
         <size>0x20</size>
         <input_file_ref idref="fl-3"/>
      </object_component>
      <object_component id="oc-c2">
         <name>.debug_line</name>
         <load_address>0x574</load_address>
         <run_address>0x574</run_address>
         <size>0x9e</size>
         <input_file_ref idref="fl-be"/>
      </object_component>
      <object_component id="oc-48">
         <name>.debug_line</name>
         <load_address>0x612</load_address>
         <run_address>0x612</run_address>
         <size>0x4f</size>
         <input_file_ref idref="fl-be"/>
      </object_component>
      <object_component id="oc-89">
         <name>.debug_line</name>
         <load_address>0x661</load_address>
         <run_address>0x661</run_address>
         <size>0x34</size>
         <input_file_ref idref="fl-be"/>
      </object_component>
      <object_component id="oc-bf">
         <name>.debug_line</name>
         <load_address>0x695</load_address>
         <run_address>0x695</run_address>
         <size>0x8a</size>
         <input_file_ref idref="fl-be"/>
      </object_component>
      <object_component id="oc-84">
         <name>.debug_line</name>
         <load_address>0x71f</load_address>
         <run_address>0x71f</run_address>
         <size>0x20</size>
         <input_file_ref idref="fl-bf"/>
      </object_component>
      <object_component id="oc-1a">
         <name>.debug_line</name>
         <load_address>0x73f</load_address>
         <run_address>0x73f</run_address>
         <size>0x55</size>
         <input_file_ref idref="fl-bf"/>
      </object_component>
      <object_component id="oc-41">
         <name>.debug_line</name>
         <load_address>0x794</load_address>
         <run_address>0x794</run_address>
         <size>0x3a</size>
         <input_file_ref idref="fl-bf"/>
      </object_component>
      <object_component id="oc-81">
         <name>.debug_line</name>
         <load_address>0x7ce</load_address>
         <run_address>0x7ce</run_address>
         <size>0x8a</size>
         <input_file_ref idref="fl-bf"/>
      </object_component>
      <object_component id="oc-bb">
         <name>.debug_line</name>
         <load_address>0x858</load_address>
         <run_address>0x858</run_address>
         <size>0x20</size>
         <input_file_ref idref="fl-c0"/>
      </object_component>
      <object_component id="oc-16">
         <name>.debug_line</name>
         <load_address>0x878</load_address>
         <run_address>0x878</run_address>
         <size>0xa9</size>
         <input_file_ref idref="fl-c0"/>
      </object_component>
      <object_component id="oc-31">
         <name>.debug_line</name>
         <load_address>0x921</load_address>
         <run_address>0x921</run_address>
         <size>0x3a</size>
         <input_file_ref idref="fl-c0"/>
      </object_component>
      <object_component id="oc-b8">
         <name>.debug_line</name>
         <load_address>0x95b</load_address>
         <run_address>0x95b</run_address>
         <size>0x92</size>
         <input_file_ref idref="fl-c0"/>
      </object_component>
      <object_component id="oc-7a">
         <name>.debug_line</name>
         <load_address>0x9ed</load_address>
         <run_address>0x9ed</run_address>
         <size>0x8e</size>
         <input_file_ref idref="fl-c0"/>
      </object_component>
      <object_component id="oc-69">
         <name>.debug_line</name>
         <load_address>0xa7b</load_address>
         <run_address>0xa7b</run_address>
         <size>0x33</size>
         <input_file_ref idref="fl-c1"/>
      </object_component>
      <object_component id="oc-5b">
         <name>.debug_line</name>
         <load_address>0xaae</load_address>
         <run_address>0xaae</run_address>
         <size>0x56</size>
         <input_file_ref idref="fl-c1"/>
      </object_component>
      <object_component id="oc-11d">
         <name>.debug_line</name>
         <load_address>0xb04</load_address>
         <run_address>0xb04</run_address>
         <size>0x3c</size>
         <input_file_ref idref="fl-c2"/>
      </object_component>
      <object_component id="oc-3c">
         <name>.debug_line</name>
         <load_address>0xb40</load_address>
         <run_address>0xb40</run_address>
         <size>0x88</size>
         <input_file_ref idref="fl-c5"/>
      </object_component>
      <object_component id="oc-1fd">
         <name>.debug_line</name>
         <load_address>0xbc8</load_address>
         <run_address>0xbc8</run_address>
         <size>0xb7</size>
         <input_file_ref idref="fl-c7"/>
      </object_component>
      <object_component id="oc-128">
         <name>.debug_line</name>
         <load_address>0xc7f</load_address>
         <run_address>0xc7f</run_address>
         <size>0x6c</size>
         <input_file_ref idref="fl-c7"/>
      </object_component>
      <object_component id="oc-201">
         <name>.debug_line</name>
         <load_address>0xceb</load_address>
         <run_address>0xceb</run_address>
         <size>0x2e</size>
         <input_file_ref idref="fl-c7"/>
      </object_component>
      <object_component id="oc-21d">
         <name>.debug_line</name>
         <load_address>0xd19</load_address>
         <run_address>0xd19</run_address>
         <size>0x92</size>
         <input_file_ref idref="fl-c7"/>
      </object_component>
      <object_component id="oc-206">
         <name>.debug_line</name>
         <load_address>0xdab</load_address>
         <run_address>0xdab</run_address>
         <size>0x8f</size>
         <input_file_ref idref="fl-c7"/>
      </object_component>
      <object_component id="oc-20b">
         <name>.debug_line</name>
         <load_address>0xe3a</load_address>
         <run_address>0xe3a</run_address>
         <size>0x8b</size>
         <input_file_ref idref="fl-c7"/>
      </object_component>
      <object_component id="oc-97">
         <name>.debug_line</name>
         <load_address>0xec5</load_address>
         <run_address>0xec5</run_address>
         <size>0x40</size>
         <input_file_ref idref="fl-c8"/>
      </object_component>
      <object_component id="oc-1db">
         <name>.debug_line</name>
         <load_address>0xf05</load_address>
         <run_address>0xf05</run_address>
         <size>0x82</size>
         <input_file_ref idref="fl-ca"/>
      </object_component>
      <object_component id="oc-e2">
         <name>.debug_line</name>
         <load_address>0xf87</load_address>
         <run_address>0xf87</run_address>
         <size>0x92</size>
         <input_file_ref idref="fl-ca"/>
      </object_component>
      <object_component id="oc-180">
         <name>.debug_line</name>
         <load_address>0x1019</load_address>
         <run_address>0x1019</run_address>
         <size>0x95</size>
         <input_file_ref idref="fl-ca"/>
      </object_component>
      <object_component id="oc-17a">
         <name>.debug_line</name>
         <load_address>0x10ae</load_address>
         <run_address>0x10ae</run_address>
         <size>0xd1</size>
         <input_file_ref idref="fl-ca"/>
      </object_component>
      <object_component id="oc-dc">
         <name>.debug_line</name>
         <load_address>0x117f</load_address>
         <run_address>0x117f</run_address>
         <size>0x99</size>
         <input_file_ref idref="fl-ca"/>
      </object_component>
      <object_component id="oc-171">
         <name>.debug_line</name>
         <load_address>0x1218</load_address>
         <run_address>0x1218</run_address>
         <size>0x69</size>
         <input_file_ref idref="fl-ca"/>
      </object_component>
      <object_component id="oc-1e1">
         <name>.debug_line</name>
         <load_address>0x1281</load_address>
         <run_address>0x1281</run_address>
         <size>0x7c</size>
         <input_file_ref idref="fl-cb"/>
      </object_component>
      <object_component id="oc-1df">
         <name>.debug_line</name>
         <load_address>0x12fd</load_address>
         <run_address>0x12fd</run_address>
         <size>0x82</size>
         <input_file_ref idref="fl-cb"/>
      </object_component>
      <object_component id="oc-216">
         <name>.debug_line</name>
         <load_address>0x137f</load_address>
         <run_address>0x137f</run_address>
         <size>0x82</size>
         <input_file_ref idref="fl-cb"/>
      </object_component>
      <object_component id="oc-1a0">
         <name>.debug_line</name>
         <load_address>0x1401</load_address>
         <run_address>0x1401</run_address>
         <size>0xaf</size>
         <input_file_ref idref="fl-cb"/>
      </object_component>
      <object_component id="oc-100">
         <name>.debug_line</name>
         <load_address>0x14b0</load_address>
         <run_address>0x14b0</run_address>
         <size>0x97</size>
         <input_file_ref idref="fl-cb"/>
      </object_component>
      <object_component id="oc-fa">
         <name>.debug_line</name>
         <load_address>0x1547</load_address>
         <run_address>0x1547</run_address>
         <size>0xc2</size>
         <input_file_ref idref="fl-cb"/>
      </object_component>
      <object_component id="oc-1d2">
         <name>.debug_line</name>
         <load_address>0x1609</load_address>
         <run_address>0x1609</run_address>
         <size>0x13d</size>
         <input_file_ref idref="fl-cc"/>
      </object_component>
      <object_component id="oc-1cc">
         <name>.debug_line</name>
         <load_address>0x1746</load_address>
         <run_address>0x1746</run_address>
         <size>0x7f</size>
         <input_file_ref idref="fl-cc"/>
      </object_component>
      <object_component id="oc-1ce">
         <name>.debug_line</name>
         <load_address>0x17c5</load_address>
         <run_address>0x17c5</run_address>
         <size>0x7f</size>
         <input_file_ref idref="fl-cc"/>
      </object_component>
      <object_component id="oc-210">
         <name>.debug_line</name>
         <load_address>0x1844</load_address>
         <run_address>0x1844</run_address>
         <size>0x7f</size>
         <input_file_ref idref="fl-cc"/>
      </object_component>
      <object_component id="oc-1d0">
         <name>.debug_line</name>
         <load_address>0x18c3</load_address>
         <run_address>0x18c3</run_address>
         <size>0x7f</size>
         <input_file_ref idref="fl-cc"/>
      </object_component>
      <object_component id="oc-d5">
         <name>.debug_line</name>
         <load_address>0x1942</load_address>
         <run_address>0x1942</run_address>
         <size>0x94</size>
         <input_file_ref idref="fl-cc"/>
      </object_component>
      <object_component id="oc-cf">
         <name>.debug_line</name>
         <load_address>0x19d6</load_address>
         <run_address>0x19d6</run_address>
         <size>0x94</size>
         <input_file_ref idref="fl-cc"/>
      </object_component>
      <object_component id="oc-15c">
         <name>.debug_line</name>
         <load_address>0x1a6a</load_address>
         <run_address>0x1a6a</run_address>
         <size>0x9e</size>
         <input_file_ref idref="fl-cc"/>
      </object_component>
      <object_component id="oc-162">
         <name>.debug_line</name>
         <load_address>0x1b08</load_address>
         <run_address>0x1b08</run_address>
         <size>0xb0</size>
         <input_file_ref idref="fl-cc"/>
      </object_component>
      <object_component id="oc-c9">
         <name>.debug_line</name>
         <load_address>0x1bb8</load_address>
         <run_address>0x1bb8</run_address>
         <size>0x196</size>
         <input_file_ref idref="fl-cc"/>
      </object_component>
      <object_component id="oc-1d6">
         <name>.debug_line</name>
         <load_address>0x1d4e</load_address>
         <run_address>0x1d4e</run_address>
         <size>0x7f</size>
         <input_file_ref idref="fl-cc"/>
      </object_component>
      <object_component id="oc-1dd">
         <name>.debug_line</name>
         <load_address>0x1dcd</load_address>
         <run_address>0x1dcd</run_address>
         <size>0x82</size>
         <input_file_ref idref="fl-cd"/>
      </object_component>
      <object_component id="oc-212">
         <name>.debug_line</name>
         <load_address>0x1e4f</load_address>
         <run_address>0x1e4f</run_address>
         <size>0x7e</size>
         <input_file_ref idref="fl-cd"/>
      </object_component>
      <object_component id="oc-214">
         <name>.debug_line</name>
         <load_address>0x1ecd</load_address>
         <run_address>0x1ecd</run_address>
         <size>0x7e</size>
         <input_file_ref idref="fl-cd"/>
      </object_component>
      <object_component id="oc-ee">
         <name>.debug_line</name>
         <load_address>0x1f4b</load_address>
         <run_address>0x1f4b</run_address>
         <size>0x9c</size>
         <input_file_ref idref="fl-cd"/>
      </object_component>
      <object_component id="oc-199">
         <name>.debug_line</name>
         <load_address>0x1fe7</load_address>
         <run_address>0x1fe7</run_address>
         <size>0xaf</size>
         <input_file_ref idref="fl-cd"/>
      </object_component>
      <object_component id="oc-106">
         <name>.debug_line</name>
         <load_address>0x2096</load_address>
         <run_address>0x2096</run_address>
         <size>0x9a</size>
         <input_file_ref idref="fl-cd"/>
      </object_component>
      <object_component id="oc-f4">
         <name>.debug_line</name>
         <load_address>0x2130</load_address>
         <run_address>0x2130</run_address>
         <size>0x93</size>
         <input_file_ref idref="fl-cd"/>
      </object_component>
      <object_component id="oc-112">
         <name>.debug_line</name>
         <load_address>0x21c3</load_address>
         <run_address>0x21c3</run_address>
         <size>0x93</size>
         <input_file_ref idref="fl-cd"/>
      </object_component>
      <object_component id="oc-10c">
         <name>.debug_line</name>
         <load_address>0x2256</load_address>
         <run_address>0x2256</run_address>
         <size>0x93</size>
         <input_file_ref idref="fl-cd"/>
      </object_component>
      <object_component id="oc-e8">
         <name>.debug_line</name>
         <load_address>0x22e9</load_address>
         <run_address>0x22e9</run_address>
         <size>0xb7</size>
         <input_file_ref idref="fl-cd"/>
      </object_component>
      <object_component id="oc-192">
         <name>.debug_line</name>
         <load_address>0x23a0</load_address>
         <run_address>0x23a0</run_address>
         <size>0x91</size>
         <input_file_ref idref="fl-ce"/>
      </object_component>
      <object_component id="oc-9d">
         <name>.debug_frame</name>
         <load_address>0x0</load_address>
         <run_address>0x0</run_address>
         <size>0x98</size>
         <input_file_ref idref="fl-2"/>
      </object_component>
      <object_component id="oc-26">
         <name>.debug_frame</name>
         <load_address>0x98</load_address>
         <run_address>0x98</run_address>
         <size>0x90</size>
         <input_file_ref idref="fl-3"/>
      </object_component>
      <object_component id="oc-49">
         <name>.debug_frame</name>
         <load_address>0x128</load_address>
         <run_address>0x128</run_address>
         <size>0x54</size>
         <input_file_ref idref="fl-be"/>
      </object_component>
      <object_component id="oc-19">
         <name>.debug_frame</name>
         <load_address>0x17c</load_address>
         <run_address>0x17c</run_address>
         <size>0x54</size>
         <input_file_ref idref="fl-bf"/>
      </object_component>
      <object_component id="oc-17">
         <name>.debug_frame</name>
         <load_address>0x1d0</load_address>
         <run_address>0x1d0</run_address>
         <size>0x60</size>
         <input_file_ref idref="fl-c0"/>
      </object_component>
      <object_component id="oc-58">
         <name>.debug_frame</name>
         <load_address>0x230</load_address>
         <run_address>0x230</run_address>
         <size>0x58</size>
         <input_file_ref idref="fl-c1"/>
      </object_component>
      <object_component id="oc-11a">
         <name>.debug_frame</name>
         <load_address>0x288</load_address>
         <run_address>0x288</run_address>
         <size>0x54</size>
         <input_file_ref idref="fl-c2"/>
      </object_component>
      <object_component id="oc-129">
         <name>.debug_frame</name>
         <load_address>0x2dc</load_address>
         <run_address>0x2dc</run_address>
         <size>0x5c</size>
         <input_file_ref idref="fl-c7"/>
      </object_component>
      <object_component id="oc-96">
         <name>.debug_frame</name>
         <load_address>0x338</load_address>
         <run_address>0x338</run_address>
         <size>0x54</size>
         <input_file_ref idref="fl-c8"/>
      </object_component>
      <object_component id="oc-e3">
         <name>.debug_frame</name>
         <load_address>0x38c</load_address>
         <run_address>0x38c</run_address>
         <size>0x7f</size>
         <input_file_ref idref="fl-ca"/>
      </object_component>
      <object_component id="oc-181">
         <name>.debug_frame</name>
         <load_address>0x40b</load_address>
         <run_address>0x40b</run_address>
         <size>0x7f</size>
         <input_file_ref idref="fl-ca"/>
      </object_component>
      <object_component id="oc-17b">
         <name>.debug_frame</name>
         <load_address>0x48a</load_address>
         <run_address>0x48a</run_address>
         <size>0x8f</size>
         <input_file_ref idref="fl-ca"/>
      </object_component>
      <object_component id="oc-dd">
         <name>.debug_frame</name>
         <load_address>0x519</load_address>
         <run_address>0x519</run_address>
         <size>0x8a</size>
         <input_file_ref idref="fl-ca"/>
      </object_component>
      <object_component id="oc-19f">
         <name>.debug_frame</name>
         <load_address>0x5a3</load_address>
         <run_address>0x5a3</run_address>
         <size>0x8e</size>
         <input_file_ref idref="fl-cb"/>
      </object_component>
      <object_component id="oc-101">
         <name>.debug_frame</name>
         <load_address>0x631</load_address>
         <run_address>0x631</run_address>
         <size>0x86</size>
         <input_file_ref idref="fl-cb"/>
      </object_component>
      <object_component id="oc-fb">
         <name>.debug_frame</name>
         <load_address>0x6b7</load_address>
         <run_address>0x6b7</run_address>
         <size>0x7f</size>
         <input_file_ref idref="fl-cb"/>
      </object_component>
      <object_component id="oc-d6">
         <name>.debug_frame</name>
         <load_address>0x736</load_address>
         <run_address>0x736</run_address>
         <size>0x7f</size>
         <input_file_ref idref="fl-cc"/>
      </object_component>
      <object_component id="oc-d0">
         <name>.debug_frame</name>
         <load_address>0x7b5</load_address>
         <run_address>0x7b5</run_address>
         <size>0x7f</size>
         <input_file_ref idref="fl-cc"/>
      </object_component>
      <object_component id="oc-15d">
         <name>.debug_frame</name>
         <load_address>0x834</load_address>
         <run_address>0x834</run_address>
         <size>0x7f</size>
         <input_file_ref idref="fl-cc"/>
      </object_component>
      <object_component id="oc-163">
         <name>.debug_frame</name>
         <load_address>0x8b3</load_address>
         <run_address>0x8b3</run_address>
         <size>0x8a</size>
         <input_file_ref idref="fl-cc"/>
      </object_component>
      <object_component id="oc-ca">
         <name>.debug_frame</name>
         <load_address>0x93d</load_address>
         <run_address>0x93d</run_address>
         <size>0x98</size>
         <input_file_ref idref="fl-cc"/>
      </object_component>
      <object_component id="oc-ef">
         <name>.debug_frame</name>
         <load_address>0x9d5</load_address>
         <run_address>0x9d5</run_address>
         <size>0x7f</size>
         <input_file_ref idref="fl-cd"/>
      </object_component>
      <object_component id="oc-19a">
         <name>.debug_frame</name>
         <load_address>0xa54</load_address>
         <run_address>0xa54</run_address>
         <size>0x8a</size>
         <input_file_ref idref="fl-cd"/>
      </object_component>
      <object_component id="oc-107">
         <name>.debug_frame</name>
         <load_address>0xade</load_address>
         <run_address>0xade</run_address>
         <size>0x8a</size>
         <input_file_ref idref="fl-cd"/>
      </object_component>
      <object_component id="oc-f5">
         <name>.debug_frame</name>
         <load_address>0xb68</load_address>
         <run_address>0xb68</run_address>
         <size>0x7f</size>
         <input_file_ref idref="fl-cd"/>
      </object_component>
      <object_component id="oc-113">
         <name>.debug_frame</name>
         <load_address>0xbe7</load_address>
         <run_address>0xbe7</run_address>
         <size>0x7f</size>
         <input_file_ref idref="fl-cd"/>
      </object_component>
      <object_component id="oc-10d">
         <name>.debug_frame</name>
         <load_address>0xc66</load_address>
         <run_address>0xc66</run_address>
         <size>0x7f</size>
         <input_file_ref idref="fl-cd"/>
      </object_component>
      <object_component id="oc-e9">
         <name>.debug_frame</name>
         <load_address>0xce5</load_address>
         <run_address>0xce5</run_address>
         <size>0x86</size>
         <input_file_ref idref="fl-cd"/>
      </object_component>
      <object_component id="oc-193">
         <name>.debug_frame</name>
         <load_address>0xd6b</load_address>
         <run_address>0xd6b</run_address>
         <size>0x7f</size>
         <input_file_ref idref="fl-ce"/>
      </object_component>
      <object_component id="oc-156">
         <name>.debug_abbrev</name>
         <load_address>0x0</load_address>
         <run_address>0x0</run_address>
         <size>0x9f</size>
         <input_file_ref idref="fl-2"/>
      </object_component>
      <object_component id="oc-1a4">
         <name>.debug_abbrev</name>
         <load_address>0x9f</load_address>
         <run_address>0x9f</run_address>
         <size>0x29</size>
         <input_file_ref idref="fl-2"/>
      </object_component>
      <object_component id="oc-117">
         <name>.debug_abbrev</name>
         <load_address>0xc8</load_address>
         <run_address>0xc8</run_address>
         <size>0xa9</size>
         <input_file_ref idref="fl-2"/>
      </object_component>
      <object_component id="oc-6f">
         <name>.debug_abbrev</name>
         <load_address>0x171</load_address>
         <run_address>0x171</run_address>
         <size>0x69</size>
         <input_file_ref idref="fl-2"/>
      </object_component>
      <object_component id="oc-b1">
         <name>.debug_abbrev</name>
         <load_address>0x1da</load_address>
         <run_address>0x1da</run_address>
         <size>0x1f</size>
         <input_file_ref idref="fl-2"/>
      </object_component>
      <object_component id="oc-ac">
         <name>.debug_abbrev</name>
         <load_address>0x1f9</load_address>
         <run_address>0x1f9</run_address>
         <size>0x5c</size>
         <input_file_ref idref="fl-2"/>
      </object_component>
      <object_component id="oc-74">
         <name>.debug_abbrev</name>
         <load_address>0x255</load_address>
         <run_address>0x255</run_address>
         <size>0x24</size>
         <input_file_ref idref="fl-2"/>
      </object_component>
      <object_component id="oc-6b">
         <name>.debug_abbrev</name>
         <load_address>0x279</load_address>
         <run_address>0x279</run_address>
         <size>0x68</size>
         <input_file_ref idref="fl-3"/>
      </object_component>
      <object_component id="oc-2a">
         <name>.debug_abbrev</name>
         <load_address>0x2e1</load_address>
         <run_address>0x2e1</run_address>
         <size>0x29</size>
         <input_file_ref idref="fl-3"/>
      </object_component>
      <object_component id="oc-6a">
         <name>.debug_abbrev</name>
         <load_address>0x30a</load_address>
         <run_address>0x30a</run_address>
         <size>0xcb</size>
         <input_file_ref idref="fl-3"/>
      </object_component>
      <object_component id="oc-35">
         <name>.debug_abbrev</name>
         <load_address>0x3d5</load_address>
         <run_address>0x3d5</run_address>
         <size>0x1f</size>
         <input_file_ref idref="fl-3"/>
      </object_component>
      <object_component id="oc-c1">
         <name>.debug_abbrev</name>
         <load_address>0x3f4</load_address>
         <run_address>0x3f4</run_address>
         <size>0x73</size>
         <input_file_ref idref="fl-be"/>
      </object_component>
      <object_component id="oc-85">
         <name>.debug_abbrev</name>
         <load_address>0x467</load_address>
         <run_address>0x467</run_address>
         <size>0x6f</size>
         <input_file_ref idref="fl-be"/>
      </object_component>
      <object_component id="oc-88">
         <name>.debug_abbrev</name>
         <load_address>0x4d6</load_address>
         <run_address>0x4d6</run_address>
         <size>0x24</size>
         <input_file_ref idref="fl-be"/>
      </object_component>
      <object_component id="oc-be">
         <name>.debug_abbrev</name>
         <load_address>0x4fa</load_address>
         <run_address>0x4fa</run_address>
         <size>0x24</size>
         <input_file_ref idref="fl-be"/>
      </object_component>
      <object_component id="oc-83">
         <name>.debug_abbrev</name>
         <load_address>0x51e</load_address>
         <run_address>0x51e</run_address>
         <size>0x37</size>
         <input_file_ref idref="fl-bf"/>
      </object_component>
      <object_component id="oc-3d">
         <name>.debug_abbrev</name>
         <load_address>0x555</load_address>
         <run_address>0x555</run_address>
         <size>0x74</size>
         <input_file_ref idref="fl-bf"/>
      </object_component>
      <object_component id="oc-40">
         <name>.debug_abbrev</name>
         <load_address>0x5c9</load_address>
         <run_address>0x5c9</run_address>
         <size>0x24</size>
         <input_file_ref idref="fl-bf"/>
      </object_component>
      <object_component id="oc-80">
         <name>.debug_abbrev</name>
         <load_address>0x5ed</load_address>
         <run_address>0x5ed</run_address>
         <size>0x24</size>
         <input_file_ref idref="fl-bf"/>
      </object_component>
      <object_component id="oc-ba">
         <name>.debug_abbrev</name>
         <load_address>0x611</load_address>
         <run_address>0x611</run_address>
         <size>0x37</size>
         <input_file_ref idref="fl-c0"/>
      </object_component>
      <object_component id="oc-2d">
         <name>.debug_abbrev</name>
         <load_address>0x648</load_address>
         <run_address>0x648</run_address>
         <size>0x6f</size>
         <input_file_ref idref="fl-c0"/>
      </object_component>
      <object_component id="oc-30">
         <name>.debug_abbrev</name>
         <load_address>0x6b7</load_address>
         <run_address>0x6b7</run_address>
         <size>0x24</size>
         <input_file_ref idref="fl-c0"/>
      </object_component>
      <object_component id="oc-b7">
         <name>.debug_abbrev</name>
         <load_address>0x6db</load_address>
         <run_address>0x6db</run_address>
         <size>0x35</size>
         <input_file_ref idref="fl-c0"/>
      </object_component>
      <object_component id="oc-79">
         <name>.debug_abbrev</name>
         <load_address>0x710</load_address>
         <run_address>0x710</run_address>
         <size>0x24</size>
         <input_file_ref idref="fl-c0"/>
      </object_component>
      <object_component id="oc-68">
         <name>.debug_abbrev</name>
         <load_address>0x734</load_address>
         <run_address>0x734</run_address>
         <size>0x29</size>
         <input_file_ref idref="fl-c1"/>
      </object_component>
      <object_component id="oc-a1">
         <name>.debug_abbrev</name>
         <load_address>0x75d</load_address>
         <run_address>0x75d</run_address>
         <size>0x61</size>
         <input_file_ref idref="fl-c1"/>
      </object_component>
      <object_component id="oc-1a6">
         <name>.debug_abbrev</name>
         <load_address>0x7be</load_address>
         <run_address>0x7be</run_address>
         <size>0x45</size>
         <input_file_ref idref="fl-c2"/>
      </object_component>
      <object_component id="oc-7d">
         <name>.debug_abbrev</name>
         <load_address>0x803</load_address>
         <run_address>0x803</run_address>
         <size>0x3e</size>
         <input_file_ref idref="fl-c5"/>
      </object_component>
      <object_component id="oc-1fc">
         <name>.debug_abbrev</name>
         <load_address>0x841</load_address>
         <run_address>0x841</run_address>
         <size>0xdb</size>
         <input_file_ref idref="fl-c7"/>
      </object_component>
      <object_component id="oc-1b0">
         <name>.debug_abbrev</name>
         <load_address>0x91c</load_address>
         <run_address>0x91c</run_address>
         <size>0x7e</size>
         <input_file_ref idref="fl-c7"/>
      </object_component>
      <object_component id="oc-200">
         <name>.debug_abbrev</name>
         <load_address>0x99a</load_address>
         <run_address>0x99a</run_address>
         <size>0x24</size>
         <input_file_ref idref="fl-c7"/>
      </object_component>
      <object_component id="oc-21c">
         <name>.debug_abbrev</name>
         <load_address>0x9be</load_address>
         <run_address>0x9be</run_address>
         <size>0x24</size>
         <input_file_ref idref="fl-c7"/>
      </object_component>
      <object_component id="oc-205">
         <name>.debug_abbrev</name>
         <load_address>0x9e2</load_address>
         <run_address>0x9e2</run_address>
         <size>0x24</size>
         <input_file_ref idref="fl-c7"/>
      </object_component>
      <object_component id="oc-20a">
         <name>.debug_abbrev</name>
         <load_address>0xa06</load_address>
         <run_address>0xa06</run_address>
         <size>0x4b</size>
         <input_file_ref idref="fl-c7"/>
      </object_component>
      <object_component id="oc-c4">
         <name>.debug_abbrev</name>
         <load_address>0xa51</load_address>
         <run_address>0xa51</run_address>
         <size>0x55</size>
         <input_file_ref idref="fl-c8"/>
      </object_component>
      <object_component id="oc-1da">
         <name>.debug_abbrev</name>
         <load_address>0xaa6</load_address>
         <run_address>0xaa6</run_address>
         <size>0x72</size>
         <input_file_ref idref="fl-ca"/>
      </object_component>
      <object_component id="oc-184">
         <name>.debug_abbrev</name>
         <load_address>0xb18</load_address>
         <run_address>0xb18</run_address>
         <size>0x6c</size>
         <input_file_ref idref="fl-ca"/>
      </object_component>
      <object_component id="oc-1d9">
         <name>.debug_abbrev</name>
         <load_address>0xb84</load_address>
         <run_address>0xb84</run_address>
         <size>0x6c</size>
         <input_file_ref idref="fl-ca"/>
      </object_component>
      <object_component id="oc-1d8">
         <name>.debug_abbrev</name>
         <load_address>0xbf0</load_address>
         <run_address>0xbf0</run_address>
         <size>0x6c</size>
         <input_file_ref idref="fl-ca"/>
      </object_component>
      <object_component id="oc-182">
         <name>.debug_abbrev</name>
         <load_address>0xc5c</load_address>
         <run_address>0xc5c</run_address>
         <size>0x7a</size>
         <input_file_ref idref="fl-ca"/>
      </object_component>
      <object_component id="oc-170">
         <name>.debug_abbrev</name>
         <load_address>0xcd6</load_address>
         <run_address>0xcd6</run_address>
         <size>0x35</size>
         <input_file_ref idref="fl-ca"/>
      </object_component>
      <object_component id="oc-1e0">
         <name>.debug_abbrev</name>
         <load_address>0xd0b</load_address>
         <run_address>0xd0b</run_address>
         <size>0x8e</size>
         <input_file_ref idref="fl-cb"/>
      </object_component>
      <object_component id="oc-1de">
         <name>.debug_abbrev</name>
         <load_address>0xd99</load_address>
         <run_address>0xd99</run_address>
         <size>0x27</size>
         <input_file_ref idref="fl-cb"/>
      </object_component>
      <object_component id="oc-215">
         <name>.debug_abbrev</name>
         <load_address>0xdc0</load_address>
         <run_address>0xdc0</run_address>
         <size>0x29</size>
         <input_file_ref idref="fl-cb"/>
      </object_component>
      <object_component id="oc-1ed">
         <name>.debug_abbrev</name>
         <load_address>0xde9</load_address>
         <run_address>0xde9</run_address>
         <size>0x6c</size>
         <input_file_ref idref="fl-cb"/>
      </object_component>
      <object_component id="oc-194">
         <name>.debug_abbrev</name>
         <load_address>0xe55</load_address>
         <run_address>0xe55</run_address>
         <size>0x60</size>
         <input_file_ref idref="fl-cb"/>
      </object_component>
      <object_component id="oc-18c">
         <name>.debug_abbrev</name>
         <load_address>0xeb5</load_address>
         <run_address>0xeb5</run_address>
         <size>0x6c</size>
         <input_file_ref idref="fl-cb"/>
      </object_component>
      <object_component id="oc-1d1">
         <name>.debug_abbrev</name>
         <load_address>0xf21</load_address>
         <run_address>0xf21</run_address>
         <size>0xb0</size>
         <input_file_ref idref="fl-cc"/>
      </object_component>
      <object_component id="oc-1cb">
         <name>.debug_abbrev</name>
         <load_address>0xfd1</load_address>
         <run_address>0xfd1</run_address>
         <size>0x27</size>
         <input_file_ref idref="fl-cc"/>
      </object_component>
      <object_component id="oc-1cd">
         <name>.debug_abbrev</name>
         <load_address>0xff8</load_address>
         <run_address>0xff8</run_address>
         <size>0x27</size>
         <input_file_ref idref="fl-cc"/>
      </object_component>
      <object_component id="oc-20f">
         <name>.debug_abbrev</name>
         <load_address>0x101f</load_address>
         <run_address>0x101f</run_address>
         <size>0x27</size>
         <input_file_ref idref="fl-cc"/>
      </object_component>
      <object_component id="oc-1cf">
         <name>.debug_abbrev</name>
         <load_address>0x1046</load_address>
         <run_address>0x1046</run_address>
         <size>0x27</size>
         <input_file_ref idref="fl-cc"/>
      </object_component>
      <object_component id="oc-175">
         <name>.debug_abbrev</name>
         <load_address>0x106d</load_address>
         <run_address>0x106d</run_address>
         <size>0x6e</size>
         <input_file_ref idref="fl-cc"/>
      </object_component>
      <object_component id="oc-174">
         <name>.debug_abbrev</name>
         <load_address>0x10db</load_address>
         <run_address>0x10db</run_address>
         <size>0x6c</size>
         <input_file_ref idref="fl-cc"/>
      </object_component>
      <object_component id="oc-1c9">
         <name>.debug_abbrev</name>
         <load_address>0x1147</load_address>
         <run_address>0x1147</run_address>
         <size>0x6c</size>
         <input_file_ref idref="fl-cc"/>
      </object_component>
      <object_component id="oc-1ca">
         <name>.debug_abbrev</name>
         <load_address>0x11b3</load_address>
         <run_address>0x11b3</run_address>
         <size>0x6c</size>
         <input_file_ref idref="fl-cc"/>
      </object_component>
      <object_component id="oc-16d">
         <name>.debug_abbrev</name>
         <load_address>0x121f</load_address>
         <run_address>0x121f</run_address>
         <size>0x7c</size>
         <input_file_ref idref="fl-cc"/>
      </object_component>
      <object_component id="oc-1d5">
         <name>.debug_abbrev</name>
         <load_address>0x129b</load_address>
         <run_address>0x129b</run_address>
         <size>0x49</size>
         <input_file_ref idref="fl-cc"/>
      </object_component>
      <object_component id="oc-1dc">
         <name>.debug_abbrev</name>
         <load_address>0x12e4</load_address>
         <run_address>0x12e4</run_address>
         <size>0x72</size>
         <input_file_ref idref="fl-cd"/>
      </object_component>
      <object_component id="oc-211">
         <name>.debug_abbrev</name>
         <load_address>0x1356</load_address>
         <run_address>0x1356</run_address>
         <size>0x27</size>
         <input_file_ref idref="fl-cd"/>
      </object_component>
      <object_component id="oc-213">
         <name>.debug_abbrev</name>
         <load_address>0x137d</load_address>
         <run_address>0x137d</run_address>
         <size>0x27</size>
         <input_file_ref idref="fl-cd"/>
      </object_component>
      <object_component id="oc-187">
         <name>.debug_abbrev</name>
         <load_address>0x13a4</load_address>
         <run_address>0x13a4</run_address>
         <size>0x6c</size>
         <input_file_ref idref="fl-cd"/>
      </object_component>
      <object_component id="oc-1e9">
         <name>.debug_abbrev</name>
         <load_address>0x1410</load_address>
         <run_address>0x1410</run_address>
         <size>0x6c</size>
         <input_file_ref idref="fl-cd"/>
      </object_component>
      <object_component id="oc-1a1">
         <name>.debug_abbrev</name>
         <load_address>0x147c</load_address>
         <run_address>0x147c</run_address>
         <size>0x7a</size>
         <input_file_ref idref="fl-cd"/>
      </object_component>
      <object_component id="oc-188">
         <name>.debug_abbrev</name>
         <load_address>0x14f6</load_address>
         <run_address>0x14f6</run_address>
         <size>0x6c</size>
         <input_file_ref idref="fl-cd"/>
      </object_component>
      <object_component id="oc-1a3">
         <name>.debug_abbrev</name>
         <load_address>0x1562</load_address>
         <run_address>0x1562</run_address>
         <size>0x6c</size>
         <input_file_ref idref="fl-cd"/>
      </object_component>
      <object_component id="oc-1a2">
         <name>.debug_abbrev</name>
         <load_address>0x15ce</load_address>
         <run_address>0x15ce</run_address>
         <size>0x6c</size>
         <input_file_ref idref="fl-cd"/>
      </object_component>
      <object_component id="oc-185">
         <name>.debug_abbrev</name>
         <load_address>0x163a</load_address>
         <run_address>0x163a</run_address>
         <size>0x6c</size>
         <input_file_ref idref="fl-cd"/>
      </object_component>
      <object_component id="oc-1e2">
         <name>.debug_abbrev</name>
         <load_address>0x16a6</load_address>
         <run_address>0x16a6</run_address>
         <size>0x52</size>
         <input_file_ref idref="fl-ce"/>
      </object_component>
      <object_component id="oc-253">
         <name>.debug_abbrev</name>
         <load_address>0x16f8</load_address>
         <run_address>0x16f8</run_address>
         <size>0xf</size>
      </object_component>
      <object_component id="oc-71">
         <name>.debug_str</name>
         <load_address>0x0</load_address>
         <run_address>0x0</run_address>
         <size>0x2bc</size>
         <input_file_ref idref="fl-2"/>
      </object_component>
      <object_component id="oc-b3">
         <name>.debug_str</name>
         <load_address>0x2bc</load_address>
         <run_address>0x2bc</run_address>
         <size>0xfa</size>
         <input_file_ref idref="fl-2"/>
      </object_component>
      <object_component id="oc-ae">
         <name>.debug_str</name>
         <load_address>0x3b6</load_address>
         <run_address>0x3b6</run_address>
         <size>0x34b</size>
         <input_file_ref idref="fl-2"/>
      </object_component>
      <object_component id="oc-76">
         <name>.debug_str</name>
         <load_address>0x701</load_address>
         <run_address>0x701</run_address>
         <size>0x154</size>
         <input_file_ref idref="fl-2"/>
      </object_component>
      <object_component id="oc-37">
         <name>.debug_str</name>
         <load_address>0x855</load_address>
         <run_address>0x855</run_address>
         <size>0xfa</size>
         <input_file_ref idref="fl-3"/>
      </object_component>
      <object_component id="oc-8a">
         <name>.debug_str</name>
         <load_address>0x94f</load_address>
         <run_address>0x94f</run_address>
         <size>0xfa</size>
         <input_file_ref idref="fl-be"/>
      </object_component>
      <object_component id="oc-c0">
         <name>.debug_str</name>
         <load_address>0xa49</load_address>
         <run_address>0xa49</run_address>
         <size>0x12d</size>
         <input_file_ref idref="fl-be"/>
      </object_component>
      <object_component id="oc-42">
         <name>.debug_str</name>
         <load_address>0xb76</load_address>
         <run_address>0xb76</run_address>
         <size>0x100</size>
         <input_file_ref idref="fl-bf"/>
      </object_component>
      <object_component id="oc-82">
         <name>.debug_str</name>
         <load_address>0xc76</load_address>
         <run_address>0xc76</run_address>
         <size>0x12d</size>
         <input_file_ref idref="fl-bf"/>
      </object_component>
      <object_component id="oc-32">
         <name>.debug_str</name>
         <load_address>0xda3</load_address>
         <run_address>0xda3</run_address>
         <size>0x10d</size>
         <input_file_ref idref="fl-c0"/>
      </object_component>
      <object_component id="oc-b9">
[...]
            <object_component_ref idref="oc-20f"/>
            <object_component_ref idref="oc-1cf"/>
            <object_component_ref idref="oc-175"/>
            <object_component_ref idref="oc-174"/>
            <object_component_ref idref="oc-1c9"/>
            <object_component_ref idref="oc-1ca"/>
            <object_component_ref idref="oc-16d"/>
            <object_component_ref idref="oc-1d5"/>
            <object_component_ref idref="oc-1dc"/>
            <object_component_ref idref="oc-211"/>
            <object_component_ref idref="oc-213"/>
            <object_component_ref idref="oc-187"/>
            <object_component_ref idref="oc-1e9"/>
            <object_component_ref idref="oc-1a1"/>
            <object_component_ref idref="oc-188"/>
            <object_component_ref idref="oc-1a3"/>
            <object_component_ref idref="oc-1a2"/>
            <object_component_ref idref="oc-185"/>
            <object_component_ref idref="oc-1e2"/>
            <object_component_ref idref="oc-253"/>
         </contents>
      </logical_group>
      <logical_group id="lg-23d" display="never" color="cyan">
         <name>.debug_str</name>
         <load_address>0x0</load_address>
         <run_address>0x0</run_address>
         <size>0x19b6</size>
         <contents>
            <object_component_ref idref="oc-71"/>
            <object_component_ref idref="oc-b3"/>
            <object_component_ref idref="oc-ae"/>
            <object_component_ref idref="oc-76"/>
            <object_component_ref idref="oc-37"/>
            <object_component_ref idref="oc-8a"/>
            <object_component_ref idref="oc-c0"/>
            <object_component_ref idref="oc-42"/>
            <object_component_ref idref="oc-82"/>
            <object_component_ref idref="oc-32"/>
            <object_component_ref idref="oc-b9"/>
            <object_component_ref idref="oc-7b"/>
            <object_component_ref idref="oc-202"/>
            <object_component_ref idref="oc-21e"/>
            <object_component_ref idref="oc-207"/>
            <object_component_ref idref="oc-20c"/>
            <object_component_ref idref="oc-172"/>
            <object_component_ref idref="oc-1d7"/>
         </contents>
      </logical_group>
      <logical_group id="lg-23f" display="never" color="cyan">
         <name>.debug_aranges</name>
         <load_address>0x0</load_address>
         <run_address>0x0</run_address>
         <size>0x3e8</size>
         <contents>
            <object_component_ref idref="oc-9b"/>
            <object_component_ref idref="oc-29"/>
            <object_component_ref idref="oc-47"/>
            <object_component_ref idref="oc-1d"/>
            <object_component_ref idref="oc-15"/>
            <object_component_ref idref="oc-57"/>
            <object_component_ref idref="oc-119"/>
            <object_component_ref idref="oc-3b"/>
            <object_component_ref idref="oc-125"/>
            <object_component_ref idref="oc-94"/>
            <object_component_ref idref="oc-e0"/>
            <object_component_ref idref="oc-17e"/>
            <object_component_ref idref="oc-178"/>
            <object_component_ref idref="oc-da"/>
            <object_component_ref idref="oc-19d"/>
            <object_component_ref idref="oc-fe"/>
            <object_component_ref idref="oc-f8"/>
            <object_component_ref idref="oc-d4"/>
            <object_component_ref idref="oc-ce"/>
            <object_component_ref idref="oc-15a"/>
            <object_component_ref idref="oc-160"/>
            <object_component_ref idref="oc-c7"/>
            <object_component_ref idref="oc-ec"/>
            <object_component_ref idref="oc-197"/>
            <object_component_ref idref="oc-104"/>
            <object_component_ref idref="oc-f2"/>
            <object_component_ref idref="oc-110"/>
            <object_component_ref idref="oc-10a"/>
            <object_component_ref idref="oc-e6"/>
            <object_component_ref idref="oc-191"/>
         </contents>
      </logical_group>
      <logical_group id="lg-241" display="never" color="cyan">
         <name>.debug_pubnames</name>
         <load_address>0x0</load_address>
         <run_address>0x0</run_address>
         <size>0x6ba</size>
         <contents>
            <object_component_ref idref="oc-116"/>
            <object_component_ref idref="oc-9c"/>
            <object_component_ref idref="oc-11"/>
            <object_component_ref idref="oc-28"/>
            <object_component_ref idref="oc-46"/>
            <object_component_ref idref="oc-1c"/>
            <object_component_ref idref="oc-14"/>
            <object_component_ref idref="oc-23"/>
            <object_component_ref idref="oc-5a"/>
            <object_component_ref idref="oc-11c"/>
            <object_component_ref idref="oc-3a"/>
            <object_component_ref idref="oc-127"/>
            <object_component_ref idref="oc-95"/>
            <object_component_ref idref="oc-e1"/>
            <object_component_ref idref="oc-17f"/>
            <object_component_ref idref="oc-179"/>
            <object_component_ref idref="oc-db"/>
            <object_component_ref idref="oc-18b"/>
            <object_component_ref idref="oc-1ec"/>
            <object_component_ref idref="oc-19e"/>
            <object_component_ref idref="oc-ff"/>
            <object_component_ref idref="oc-f9"/>
            <object_component_ref idref="oc-166"/>
            <object_component_ref idref="oc-169"/>
            <object_component_ref idref="oc-1c8"/>
            <object_component_ref idref="oc-16c"/>
            <object_component_ref idref="oc-d3"/>
            <object_component_ref idref="oc-cd"/>
            <object_component_ref idref="oc-15b"/>
            <object_component_ref idref="oc-161"/>
            <object_component_ref idref="oc-c8"/>
            <object_component_ref idref="oc-1e5"/>
            <object_component_ref idref="oc-1e8"/>
            <object_component_ref idref="oc-ed"/>
            <object_component_ref idref="oc-198"/>
            <object_component_ref idref="oc-105"/>
            <object_component_ref idref="oc-f3"/>
            <object_component_ref idref="oc-111"/>
            <object_component_ref idref="oc-10b"/>
            <object_component_ref idref="oc-e7"/>
            <object_component_ref idref="oc-190"/>
         </contents>
      </logical_group>
      <logical_group id="lg-243" display="never" color="cyan">
         <name>.debug_pubtypes</name>
         <load_address>0x0</load_address>
         <run_address>0x0</run_address>
         <size>0xc87</size>
         <contents>
            <object_component_ref idref="oc-6e"/>
            <object_component_ref idref="oc-b0"/>
            <object_component_ref idref="oc-ab"/>
            <object_component_ref idref="oc-73"/>
            <object_component_ref idref="oc-34"/>
            <object_component_ref idref="oc-87"/>
            <object_component_ref idref="oc-bd"/>
            <object_component_ref idref="oc-3f"/>
            <object_component_ref idref="oc-7f"/>
            <object_component_ref idref="oc-2f"/>
            <object_component_ref idref="oc-b6"/>
            <object_component_ref idref="oc-78"/>
            <object_component_ref idref="oc-1ff"/>
            <object_component_ref idref="oc-21b"/>
            <object_component_ref idref="oc-204"/>
            <object_component_ref idref="oc-209"/>
            <object_component_ref idref="oc-16f"/>
            <object_component_ref idref="oc-1d4"/>
         </contents>
      </logical_group>
      <load_segment id="lg-257" display="no" color="cyan">
         <name>SEGMENT_0</name>
         <load_address>0x0</load_address>
         <run_address>0x0</run_address>
         <size>0xf70</size>
         <flags>0x5</flags>
         <contents>
            <logical_group_ref idref="lg-3"/>
            <logical_group_ref idref="lg-4"/>
            <logical_group_ref idref="lg-5"/>
            <logical_group_ref idref="lg-6"/>
         </contents>
      </load_segment>
      <load_segment id="lg-258" display="no" color="cyan">
         <name>SEGMENT_1</name>
         <run_address>0x20000000</run_address>
         <size>0x470</size>
         <flags>0x6</flags>
         <contents>
            <logical_group_ref idref="lg-9"/>
            <logical_group_ref idref="lg-a"/>
            <logical_group_ref idref="lg-d"/>
         </contents>
      </load_segment>
   </logical_group_list>
   <placement_map>
      <memory_area display="yes" color="green">
         <name>FLASH</name>
         <page_id>0x0</page_id>
         <origin>0x0</origin>
         <length>0x100000</length>
         <used_space>0xf6c</used_space>
         <unused_space>0xff094</unused_space>
         <attributes>RX</attributes>
         <usage_details>
            <allocated_space>
               <start_address>0x0</start_address>
               <size>0x208</size>
               <logical_group_ref idref="lg-3"/>
            </allocated_space>
            <allocated_space>
               <start_address>0x208</start_address>
               <size>0x9d0</size>
               <logical_group_ref idref="lg-4"/>
            </allocated_space>
            <allocated_space>
               <start_address>0xbd8</start_address>
               <size>0x364</size>
               <logical_group_ref idref="lg-5"/>
            </allocated_space>
            <available_space>
               <start_address>0xf3c</start_address>
               <size>0x4</size>
            </available_space>
            <allocated_space>
               <start_address>0xf40</start_address>
               <size>0x30</size>
               <logical_group_ref idref="lg-6"/>
            </allocated_space>
            <available_space>
               <start_address>0xf70</start_address>
               <size>0xff090</size>
            </available_space>
         </usage_details>
      </memory_area>
      <memory_area display="yes" color="green">
         <name>SRAM</name>
         <page_id>0x0</page_id>
         <origin>0x20000000</origin>
         <length>0x40000</length>
         <used_space>0x470</used_space>
         <unused_space>0x3fb90</unused_space>
         <attributes>RWX</attributes>
         <usage_details>
            <allocated_space>
               <start_address>0x20000000</start_address>
               <size>0x26c</size>
               <logical_group_ref idref="lg-9"/>
            </allocated_space>
            <allocated_space>
               <start_address>0x2000026c</start_address>
               <size>0x4</size>
               <logical_group_ref idref="lg-a"/>
            </allocated_space>
            <allocated_space>
               <start_address>0x20000270</start_address>
               <size>0x200</size>
               <logical_group_ref idref="lg-d"/>
            </allocated_space>
            <available_space>
               <start_address>0x20000470</start_address>
               <size>0x3fb90</size>
            </available_space>
         </usage_details>
      </memory_area>
   </placement_map>
   <cptbl_list>
      <cptbl>
         <name>__TI_cinit_table</name>
         <cprec>
            <name>.data</name>
            <load_address>0xf4c</load_address>
            <load_size>0x8</load_size>
            <run_address>0x2000026c</run_address>
            <run_size>0x4</run_size>
            <compression>lzss</compression>
         </cprec>
         <cprec>
            <name>.vtable</name>
            <load_address>0xf58</load_address>
            <load_size>0x8</load_size>
            <run_address>0x20000000</run_address>
            <run_size>0x26c</run_size>
            <compression>zero_init</compression>
         </cprec>
      </cptbl>
   </cptbl_list>
   <handler_table>
      <handler_table_name>__TI_handler_table</handler_table_name>
      <handler>
         <index>0x0</index>
         <name>__TI_zero_init</name>
      </handler>
      <handler>
         <index>0x1</index>
         <name>__TI_decompress_lzss</name>
      </handler>
      <handler>
         <index>0x2</index>
         <name>__TI_decompress_none</name>
      </handler>
   </handler_table>
   <symbol_table>
      <symbol id="sm-1">
         <name>__STACK_TOP</name>
         <value>0x20000470</value>
      </symbol>
      <symbol id="sm-2">
         <name>__TI_CINIT_Base</name>
         <value>0xf60</value>
      </symbol>
      <symbol id="sm-3">
         <name>__TI_CINIT_Limit</name>
         <value>0xf70</value>
      </symbol>
      <symbol id="sm-4">
         <name>__TI_Handler_Table_Base</name>
         <value>0xf40</value>
      </symbol>
      <symbol id="sm-5">
         <name>__TI_Handler_Table_Limit</name>
         <value>0xf4c</value>
      </symbol>
      <symbol id="sm-6">
         <name>binit</name>
         <value>0xffffffff</value>
      </symbol>
      <symbol id="sm-7">
         <name>__binit__</name>
         <value>0xffffffff</value>
      </symbol>
      <symbol id="sm-8">
         <name>__STACK_SIZE</name>
         <value>0x200</value>
      </symbol>
      <symbol id="sm-9">
         <name>__STACK_END</name>
         <value>0x20000470</value>
      </symbol>
      <symbol id="sm-a">
         <name>__c_args__</name>
         <value>0xffffffff</value>
      </symbol>
      <symbol id="sm-b">
         <name>__TI_pprof_out_hndl</name>
         <value>0xffffffff</value>
      </symbol>
      <symbol id="sm-c">
         <name>__TI_prof_data_start</name>
         <value>0xffffffff</value>
      </symbol>
      <symbol id="sm-d">
         <name>__TI_prof_data_size</name>
         <value>0xffffffff</value>
      </symbol>
      <symbol id="sm-73">
         <name>setLamps</name>
         <value>0x3d9</value>
         <object_component_ref idref="oc-98"/>
      </symbol>
      <symbol id="sm-74">
         <name>main</name>
         <value>0x209</value>
         <object_component_ref idref="oc-98"/>
      </symbol>
      <symbol id="sm-75">
         <name>counter</name>
         <value>0x2000026c</value>
         <object_component_ref idref="oc-114"/>
      </symbol>
      <symbol id="sm-76">
         <name>Timer0IntHandler</name>
         <value>0x2b9</value>
         <object_component_ref idref="oc-98"/>
      </symbol>
      <symbol id="sm-97">
         <name>ResetISR</name>
         <value>0xbad</value>
         <object_component_ref idref="oc-24"/>
      </symbol>
      <symbol id="sm-98">
         <name>g_pfnVectors</name>
         <value>0x0</value>
         <object_component_ref idref="oc-f"/>
      </symbol>
      <symbol id="sm-b1">
         <name>__TI_zero_init_nomemset</name>
         <value>0xb63</value>
         <object_component_ref idref="oc-44"/>
      </symbol>
      <symbol id="sm-c8">
         <name>__TI_decompress_none</name>
         <value>0xb93</value>
         <object_component_ref idref="oc-18"/>
      </symbol>
      <symbol id="sm-eb">
         <name>__TI_decompress_lzss</name>
         <value>0x85d</value>
         <object_component_ref idref="oc-12"/>
      </symbol>
      <symbol id="sm-fe">
         <name>__stack</name>
         <value>0x20000270</value>
         <object_component_ref idref="oc-21"/>
      </symbol>
      <symbol id="sm-ff">
         <name>_c_int00_noargs</name>
         <value>0xa35</value>
         <object_component_ref idref="oc-56"/>
      </symbol>
      <symbol id="sm-10a">
         <name>C$$EXIT</name>
         <value>0xbd5</value>
         <object_component_ref idref="oc-118"/>
      </symbol>
      <symbol id="sm-10b">
         <name>abort</name>
         <value>0xbd5</value>
         <object_component_ref idref="oc-118"/>
      </symbol>
      <symbol id="sm-128">
         <name>memcpy</name>
         <value>0x757</value>
         <object_component_ref idref="oc-38"/>
      </symbol>
      <symbol id="sm-129">
         <name>__aeabi_memcpy</name>
         <value>0x757</value>
         <object_component_ref idref="oc-38"/>
      </symbol>
      <symbol id="sm-12a">
         <name>__aeabi_memcpy8</name>
         <value>0x757</value>
         <object_component_ref idref="oc-38"/>
      </symbol>
      <symbol id="sm-12b">
         <name>__aeabi_memcpy4</name>
         <value>0x757</value>
         <object_component_ref idref="oc-38"/>
      </symbol>
      <symbol id="sm-154">
         <name>__TI_auto_init_nobinit_nopinit</name>
         <value>0x9b9</value>
         <object_component_ref idref="oc-124"/>
      </symbol>
      <symbol id="sm-15e">
         <name>_system_pre_init</name>
         <value>0xbd1</value>
         <object_component_ref idref="oc-92"/>
      </symbol>
      <symbol id="sm-18b">
         <name>GPIOPinTypeGPIOOutput</name>
         <value>0xb21</value>
         <object_component_ref idref="oc-d8"/>
      </symbol>
      <symbol id="sm-18c">
         <name>GPIODirModeSet</name>
         <value>0xad5</value>
         <object_component_ref idref="oc-17c"/>
      </symbol>
      <symbol id="sm-18d">
         <name>GPIOPinWrite</name>
         <value>0xbc1</value>
         <object_component_ref idref="oc-de"/>
      </symbol>
      <symbol id="sm-18e">
         <name>GPIOPadConfigSet</name>
         <value>0x625</value>
         <object_component_ref idref="oc-176"/>
      </symbol>
      <symbol id="sm-1d0">
         <name>IntEnable</name>
         <value>0x7f5</value>
         <object_component_ref idref="oc-f6"/>
      </symbol>
      <symbol id="sm-1d1">
         <name>IntRegister</name>
         <value>0xa6d</value>
         <object_component_ref idref="oc-19b"/>
      </symbol>
      <symbol id="sm-1d2">
         <name>g_pfnRAMVectors</name>
         <value>0x20000000</value>
         <object_component_ref idref="oc-1ea"/>
      </symbol>
      <symbol id="sm-1d3">
         <name>IntMasterEnable</name>
         <value>0xb75</value>
         <object_component_ref idref="oc-fc"/>
      </symbol>
      <symbol id="sm-24f">
         <name>SysCtlDelay</name>
         <value>0xbc7</value>
         <object_component_ref idref="oc-d7"/>
      </symbol>
      <symbol id="sm-250">
         <name>SysCtlPeripheralEnable</name>
         <value>0xaa1</value>
         <object_component_ref idref="oc-cb"/>
      </symbol>
      <symbol id="sm-251">
         <name>SysCtlPeripheralReady</name>
         <value>0x9fd</value>
         <object_component_ref idref="oc-d1"/>
      </symbol>
      <symbol id="sm-252">
         <name>SysCtlClockFreqSet</name>
         <value>0x425</value>
         <object_component_ref idref="oc-c5"/>
      </symbol>
      <symbol id="sm-2ad">
         <name>TimerLoadSet</name>
         <value>0xb51</value>
         <object_component_ref idref="oc-ea"/>
      </symbol>
      <symbol id="sm-2ae">
         <name>TimerIntRegister</name>
         <value>0xb39</value>
         <object_component_ref idref="oc-102"/>
      </symbol>
      <symbol id="sm-2af">
         <name>TimerEnable</name>
         <value>0xb85</value>
         <object_component_ref idref="oc-108"/>
      </symbol>
      <symbol id="sm-2b0">
         <name>TimerIntEnable</name>
         <value>0xbb9</value>
         <object_component_ref idref="oc-f0"/>
      </symbol>
      <symbol id="sm-2b1">
         <name>TimerConfigure</name>
         <value>0x8c5</value>
         <object_component_ref idref="oc-e4"/>
      </symbol>
      <symbol id="sm-2b2">
         <name>TimerIntClear</name>
         <value>0xbcd</value>
         <object_component_ref idref="oc-10e"/>
      </symbol>
      <symbol id="sm-2bc">
         <name>CPUcpsie</name>
         <value>0xba1</value>
         <object_component_ref idref="oc-18e"/>
      </symbol>
      <symbol id="sm-2bd">
         <name>__TI_static_base__</name>
         <value>0x0</value>
      </symbol>
      <symbol id="sm-2c0">
         <name>__mpu_init</name>
         <value>0x0</value>
      </symbol>
      <symbol id="sm-2c1">
         <name>_system_post_cinit</name>
         <value>0x0</value>
      </symbol>
   </symbol_table>
   <title>Link successful</title>
</link_info>
