******************************************************************************
                  TI ARM Linker PC v18.1.1                     
******************************************************************************
>> Linked Tue Apr 17 16:08:13 2018

OUTPUT FILE NAME:   <Scheinaufgabe1.out>
ENTRY POINT SYMBOL: "_c_int00_noargs"  address: 00000a1d


MEMORY CONFIGURATION

         name            origin    length      used     unused   attr    fill
----------------------  --------  ---------  --------  --------  ----  --------
  FLASH                 00000000   00100000  00000f4e  000ff0b2  R  X
  SRAM                  20000000   00040000  00000470  0003fb90  RW X


SEGMENT ALLOCATION MAP

run origin  load origin   length   init length attrs members
----------  ----------- ---------- ----------- ----- -------
00000000    00000000    00000f50   00000f50    r-x
  00000000    00000000    00000208   00000208    r-- .intvecs
  00000208    00000208    000009b2   000009b2    r-x .text
  00000bbc    00000bbc    00000364   00000364    r-- .const
  00000f20    00000f20    00000030   00000030    r-- .cinit
20000000    20000000    00000470   00000000    rw-
  20000000    20000000    0000026c   00000000    rw- .vtable
  2000026c    2000026c    00000004   00000000    rw- .data
  20000270    20000270    00000200   00000000    rw- .stack


SECTION ALLOCATION MAP

 output                                  attributes/
section   page    origin      length       input sections
--------  ----  ----------  ----------   ----------------
.intvecs   0    00000000    00000208     
                  00000000    00000208     tm4c129encpdt_startup_ccs.obj (.intvecs)

.text      0    00000208    000009b2     
                  00000208    00000204     Lab01.obj (.text)
                  0000040c    00000200     driverlib.lib : sysctl.obj (.text:SysCtlClockFreqSet)
                  0000060c    00000132                   : gpio.obj (.text:GPIOPadConfigSet)
                  0000073e    0000009c     rtsv7M4_T_le_v4SPD16_eabi.lib : memcpy_t2.asm.obj (.text)
                  000007da    00000002     --HOLE-- [fill = 0]
                  000007dc    00000068     driverlib.lib : interrupt.obj (.text:IntEnable)
                  00000844    00000068     rtsv7M4_T_le_v4SPD16_eabi.lib : copy_decompress_lzss.c.obj (.text:decompress:lzss:__TI_decompress_lzss)
                  000008ac    00000060     driverlib.lib : timer.obj (.text:TimerConfigure)
                  0000090c    0000004c                   : timer.obj (.text:_TimerIntNumberGet)
                  00000958    00000048                   : sysctl.obj (.text:_SysCtlFrequencyGet)
                  000009a0    00000044     rtsv7M4_T_le_v4SPD16_eabi.lib : autoinit.c.obj (.text:__TI_auto_init_nobinit_nopinit:__TI_auto_init_nobinit_nopinit)
                  000009e4    00000038     driverlib.lib : sysctl.obj (.text:SysCtlPeripheralReady)
                  00000a1c    00000038     rtsv7M4_T_le_v4SPD16_eabi.lib : boot_cortex_m.c.obj (.text:_c_int00_noargs:_c_int00_noargs)
                  00000a54    00000034     driverlib.lib : interrupt.obj (.text:IntRegister)
                  00000a88    00000034                   : sysctl.obj (.text:SysCtlPeripheralEnable)
                  00000abc    0000002a                   : gpio.obj (.text:GPIODirModeSet)
                  00000ae6    00000002     --HOLE-- [fill = 0]
                  00000ae8    00000020                   : sysctl.obj (.text:_SysCtlMemTimingGet)
                  00000b08    00000018                   : gpio.obj (.text:GPIOPinTypeGPIOOutput)
                  00000b20    00000018                   : timer.obj (.text:TimerIntRegister)
                  00000b38    00000012                   : timer.obj (.text:TimerLoadSet)
                  00000b4a    00000012     rtsv7M4_T_le_v4SPD16_eabi.lib : copy_zero_init.c.obj (.text:decompress:ZI:__TI_zero_init_nomemset:__TI_zero_init_nomemset)
                  00000b5c    00000010     driverlib.lib : interrupt.obj (.text:IntMasterEnable)
                  00000b6c    0000000e                   : timer.obj (.text:TimerEnable)
                  00000b7a    0000000e     rtsv7M4_T_le_v4SPD16_eabi.lib : copy_decompress_none.c.obj (.text:decompress:none:__TI_decompress_none)
                  00000b88    0000000c     driverlib.lib : cpu.obj (.text:CPUcpsie)
                  00000b94    0000000c     tm4c129encpdt_startup_ccs.obj (.text)
                  00000ba0    00000008     driverlib.lib : timer.obj (.text:TimerIntEnable)
                  00000ba8    00000006                   : gpio.obj (.text:GPIOPinWrite)
                  00000bae    00000004                   : timer.obj (.text:TimerIntClear)
                  00000bb2    00000004     rtsv7M4_T_le_v4SPD16_eabi.lib : pre_init.c.obj (.text:_system_pre_init)
                  00000bb6    00000004                                   : exit.c.obj (.text:abort:abort)

.const     0    00000bbc    00000364     
                  00000bbc    000001b0     driverlib.lib : sysctl.obj (.const:g_pppui32XTALtoVCO)
                  00000d6c    00000070                   : interrupt.obj (.const)
                  00000ddc    0000006c                   : sysctl.obj (.const:g_pui32Xtals)
                  00000e48    00000060                   : timer.obj (.const:g_ppui32TimerIntMap)
                  00000ea8    00000040                   : timer.obj (.const:g_ppui32TimerIntMapSnowflake)
                  00000ee8    00000030                   : sysctl.obj (.const:g_sXTALtoMEMTIM)
                  00000f18    00000008                   : sysctl.obj (.const)

.cinit     0    00000f20    00000030     
                  00000f20    0000000c     (__TI_handler_table)
                  00000f2c    00000008     (.cinit..data.load) [load image, compression = lzss]
                  00000f34    00000004     --HOLE-- [fill = 0]
                  00000f38    00000008     (.cinit..vtable.load) [load image, compression = zero_init]
                  00000f40    00000010     (__TI_cinit_table)

.init_array 
*          0    00000000    00000000     UNINITIALIZED

.vtable    0    20000000    0000026c     UNINITIALIZED
                  20000000    0000026c     driverlib.lib : interrupt.obj (.vtable)

.data      0    2000026c    00000004     UNINITIALIZED
                  2000026c    00000004     Lab01.obj (.data)

.stack     0    20000270    00000200     UNINITIALIZED
                  20000270    00000004     rtsv7M4_T_le_v4SPD16_eabi.lib : boot_cortex_m.c.obj (.stack)
                  20000274    000001fc     --HOLE--

MODULE SUMMARY

       Module                          code   ro data   rw data
       ------                          ----   -------   -------
    .\
       tm4c129encpdt_startup_ccs.obj   12     520       0      
       Lab01.obj                       516    0         4      
    +--+-------------------------------+------+---------+---------+
       Total:                          528    520       4      
                                                               
    C:/Tools/TexasInstruments/TivaWare_C_Series-2.1.4.178/driverlib/ccs/Debug/driverlib.lib
       sysctl.obj                      724    596       0      
       interrupt.obj                   172    112       620    
       timer.obj                       240    160       0      
       gpio.obj                        378    0         0      
       cpu.obj                         12     0         0      
    +--+-------------------------------+------+---------+---------+
       Total:                          1526   868       620    
                                                               
    C:\Tools\TexasInstruments\ccsv8\tools\compiler\ti-cgt-arm_18.1.1.LTS\lib\rtsv7M4_T_le_v4SPD16_eabi.lib
       memcpy_t2.asm.obj               156    0         0      
       copy_decompress_lzss.c.obj      104    0         0      
       autoinit.c.obj                  68     0         0      
       boot_cortex_m.c.obj             56     0         0      
       copy_zero_init.c.obj            18     0         0      
       copy_decompress_none.c.obj      14     0         0      
       exit.c.obj                      4      0         0      
       pre_init.c.obj                  4      0         0      
    +--+-------------------------------+------+---------+---------+
       Total:                          424    0         0      
                                                               
       Stack:                          0      0         512    
       Linker Generated:               0      44        0      
    +--+-------------------------------+------+---------+---------+
       Grand Total:                    2478   1432      1136   


LINKER GENERATED COPY TABLES

__TI_cinit_table @ 00000f40 records: 2, size/record: 8, table size: 16
	.data: load addr=00000f2c, load size=00000008 bytes, run addr=2000026c, run size=00000004 bytes, compression=lzss
	.vtable: load addr=00000f38, load size=00000008 bytes, run addr=20000000, run size=0000026c bytes, compression=zero_init


LINKER GENERATED HANDLER TABLE

__TI_handler_table @ 00000f20 records: 3, size/record: 4, table size: 12
	index: 0, handler: __TI_zero_init
	index: 1, handler: __TI_decompress_lzss
	index: 2, handler: __TI_decompress_none


GLOBAL SYMBOLS: SORTED ALPHABETICALLY BY Name 

address   name                          
-------   ----                          
00000bb7  C$$EXIT                       
00000b89  CPUcpsie                      
00000abd  GPIODirModeSet                
0000060d  GPIOPadConfigSet              
00000b09  GPIOPinTypeGPIOOutput         
00000ba9  GPIOPinWrite                  
000007dd  IntEnable                     
00000b5d  IntMasterEnable               
00000a55  IntRegister                   
00000b95  ResetISR                      
0000040d  SysCtlClockFreqSet            
00000a89  SysCtlPeripheralEnable        
000009e5  SysCtlPeripheralReady         
000002a9  Timer0IntHandler              
000008ad  TimerConfigure                
00000b6d  TimerEnable                   
00000baf  TimerIntClear                 
00000ba1  TimerIntEnable                
00000b21  TimerIntRegister              
00000b39  TimerLoadSet                  
20000470  __STACK_END                   
00000200  __STACK_SIZE                  
20000470  __STACK_TOP                   
00000f40  __TI_CINIT_Base               
00000f50  __TI_CINIT_Limit              
00000f20  __TI_Handler_Table_Base       
00000f2c  __TI_Handler_Table_Limit      
000009a1  __TI_auto_init_nobinit_nopinit
00000845  __TI_decompress_lzss          
00000b7b  __TI_decompress_none          
ffffffff  __TI_pprof_out_hndl           
ffffffff  __TI_prof_data_size           
ffffffff  __TI_prof_data_start          
00000000  __TI_static_base__            
00000b4b  __TI_zero_init_nomemset       
0000073f  __aeabi_memcpy                
0000073f  __aeabi_memcpy4               
0000073f  __aeabi_memcpy8               
ffffffff  __binit__                     
ffffffff  __c_args__                    
UNDEFED   __mpu_init                    
20000270  __stack                       
00000a1d  _c_int00_noargs               
UNDEFED   _system_post_cinit            
00000bb3  _system_pre_init              
00000bb7  abort                         
ffffffff  binit                         
2000026c  counter                       
20000000  g_pfnRAMVectors               
00000000  g_pfnVectors                  
00000209  main                          
0000073f  memcpy                        
000003c3  setLamps                      


GLOBAL SYMBOLS: SORTED BY Symbol Address 

address   name                          
-------   ----                          
00000000  __TI_static_base__            
00000000  g_pfnVectors                  
00000200  __STACK_SIZE                  
00000209  main                          
000002a9  Timer0IntHandler              
000003c3  setLamps                      
0000040d  SysCtlClockFreqSet            
0000060d  GPIOPadConfigSet              
0000073f  __aeabi_memcpy                
0000073f  __aeabi_memcpy4               
0000073f  __aeabi_memcpy8               
0000073f  memcpy                        
000007dd  IntEnable                     
00000845  __TI_decompress_lzss          
000008ad  TimerConfigure                
000009a1  __TI_auto_init_nobinit_nopinit
000009e5  SysCtlPeripheralReady         
00000a1d  _c_int00_noargs               
00000a55  IntRegister                   
00000a89  SysCtlPeripheralEnable        
00000abd  GPIODirModeSet                
00000b09  GPIOPinTypeGPIOOutput         
00000b21  TimerIntRegister              
00000b39  TimerLoadSet                  
00000b4b  __TI_zero_init_nomemset       
00000b5d  IntMasterEnable               
00000b6d  TimerEnable                   
00000b7b  __TI_decompress_none          
00000b89  CPUcpsie                      
00000b95  ResetISR                      
00000ba1  TimerIntEnable                
00000ba9  GPIOPinWrite                  
00000baf  TimerIntClear                 
00000bb3  _system_pre_init              
00000bb7  C$$EXIT                       
00000bb7  abort                         
00000f20  __TI_Handler_Table_Base       
00000f2c  __TI_Handler_Table_Limit      
00000f40  __TI_CINIT_Base               
00000f50  __TI_CINIT_Limit              
20000000  g_pfnRAMVectors               
2000026c  counter                       
20000270  __stack                       
20000470  __STACK_END                   
20000470  __STACK_TOP                   
ffffffff  __TI_pprof_out_hndl           
ffffffff  __TI_prof_data_size           
ffffffff  __TI_prof_data_start          
ffffffff  __binit__                     
ffffffff  __c_args__                    
ffffffff  binit                         
UNDEFED   __mpu_init                    
UNDEFED   _system_post_cinit            

[53 symbols]
