******************************************************************************
                  TI ARM Linker PC v18.1.1                     
******************************************************************************
>> Linked Fri Apr 13 15:13:29 2018

OUTPUT FILE NAME:   <Scheinaufgabe1_b.out>
ENTRY POINT SYMBOL: "_c_int00_noargs"  address: 00000a35


MEMORY CONFIGURATION

         name            origin    length      used     unused   attr    fill
----------------------  --------  ---------  --------  --------  ----  --------
  FLASH                 00000000   00100000  00000f6c  000ff094  R  X
  SRAM                  20000000   00040000  00000470  0003fb90  RW X


SEGMENT ALLOCATION MAP

run origin  load origin   length   init length attrs members
----------  ----------- ---------- ----------- ----- -------
00000000    00000000    00000f70   00000f70    r-x
  00000000    00000000    00000208   00000208    r-- .intvecs
  00000208    00000208    000009d0   000009d0    r-x .text
  00000bd8    00000bd8    00000364   00000364    r-- .const
  00000f40    00000f40    00000030   00000030    r-- .cinit
20000000    20000000    00000470   00000000    rw-
  20000000    20000000    0000026c   00000000    rw- .vtable
  2000026c    2000026c    00000004   00000000    rw- .data
  20000270    20000270    00000200   00000000    rw- .stack


SECTION ALLOCATION MAP

 output                                  attributes/
section   page    origin      length       input sections
--------  ----  ----------  ----------   ----------------
.intvecs   0    00000000    00000208     
                  00000000    00000208     tm4c129encpdt_startup_ccs.obj (.intvecs)

.text      0    00000208    000009d0     
                  00000208    0000021c     Lab01.obj (.text)
                  00000424    00000200     driverlib.lib : sysctl.obj (.text:SysCtlClockFreqSet)
                  00000624    00000132                   : gpio.obj (.text:GPIOPadConfigSet)
                  00000756    0000009c     rtsv7M4_T_le_v4SPD16_eabi.lib : memcpy_t2.asm.obj (.text)
                  000007f2    00000002     --HOLE-- [fill = 0]
                  000007f4    00000068     driverlib.lib : interrupt.obj (.text:IntEnable)
                  0000085c    00000068     rtsv7M4_T_le_v4SPD16_eabi.lib : copy_decompress_lzss.c.obj (.text:decompress:lzss:__TI_decompress_lzss)
                  000008c4    00000060     driverlib.lib : timer.obj (.text:TimerConfigure)
                  00000924    0000004c                   : timer.obj (.text:_TimerIntNumberGet)
                  00000970    00000048                   : sysctl.obj (.text:_SysCtlFrequencyGet)
                  000009b8    00000044     rtsv7M4_T_le_v4SPD16_eabi.lib : autoinit.c.obj (.text:__TI_auto_init_nobinit_nopinit:__TI_auto_init_nobinit_nopinit)
                  000009fc    00000038     driverlib.lib : sysctl.obj (.text:SysCtlPeripheralReady)
                  00000a34    00000038     rtsv7M4_T_le_v4SPD16_eabi.lib : boot_cortex_m.c.obj (.text:_c_int00_noargs:_c_int00_noargs)
                  00000a6c    00000034     driverlib.lib : interrupt.obj (.text:IntRegister)
                  00000aa0    00000034                   : sysctl.obj (.text:SysCtlPeripheralEnable)
                  00000ad4    0000002a                   : gpio.obj (.text:GPIODirModeSet)
                  00000afe    00000002     --HOLE-- [fill = 0]
                  00000b00    00000020                   : sysctl.obj (.text:_SysCtlMemTimingGet)
                  00000b20    00000018                   : gpio.obj (.text:GPIOPinTypeGPIOOutput)
                  00000b38    00000018                   : timer.obj (.text:TimerIntRegister)
                  00000b50    00000012                   : timer.obj (.text:TimerLoadSet)
                  00000b62    00000012     rtsv7M4_T_le_v4SPD16_eabi.lib : copy_zero_init.c.obj (.text:decompress:ZI:__TI_zero_init_nomemset:__TI_zero_init_nomemset)
                  00000b74    00000010     driverlib.lib : interrupt.obj (.text:IntMasterEnable)
                  00000b84    0000000e                   : timer.obj (.text:TimerEnable)
                  00000b92    0000000e     rtsv7M4_T_le_v4SPD16_eabi.lib : copy_decompress_none.c.obj (.text:decompress:none:__TI_decompress_none)
                  00000ba0    0000000c     driverlib.lib : cpu.obj (.text:CPUcpsie)
                  00000bac    0000000c     tm4c129encpdt_startup_ccs.obj (.text)
                  00000bb8    00000008     driverlib.lib : timer.obj (.text:TimerIntEnable)
                  00000bc0    00000006                   : gpio.obj (.text:GPIOPinWrite)
                  00000bc6    00000006                   : sysctl.obj (.text:SysCtlDelay)
                  00000bcc    00000004                   : timer.obj (.text:TimerIntClear)
                  00000bd0    00000004     rtsv7M4_T_le_v4SPD16_eabi.lib : pre_init.c.obj (.text:_system_pre_init)
                  00000bd4    00000004                                   : exit.c.obj (.text:abort:abort)

.const     0    00000bd8    00000364     
                  00000bd8    000001b0     driverlib.lib : sysctl.obj (.const:g_pppui32XTALtoVCO)
                  00000d88    00000070                   : interrupt.obj (.const)
                  00000df8    0000006c                   : sysctl.obj (.const:g_pui32Xtals)
                  00000e64    00000060                   : timer.obj (.const:g_ppui32TimerIntMap)
                  00000ec4    00000040                   : timer.obj (.const:g_ppui32TimerIntMapSnowflake)
                  00000f04    00000030                   : sysctl.obj (.const:g_sXTALtoMEMTIM)
                  00000f34    00000008                   : sysctl.obj (.const)

.cinit     0    00000f40    00000030     
                  00000f40    0000000c     (__TI_handler_table)
                  00000f4c    00000008     (.cinit..data.load) [load image, compression = lzss]
                  00000f54    00000004     --HOLE-- [fill = 0]
                  00000f58    00000008     (.cinit..vtable.load) [load image, compression = zero_init]
                  00000f60    00000010     (__TI_cinit_table)

.init_array 
*          0    00000000    00000000     UNINITIALIZED

.vtable    0    20000000    0000026c     UNINITIALIZED
                  20000000    0000026c     driverlib.lib : interrupt.obj (.vtable)

.data      0    2000026c    00000004     UNINITIALIZED
                  2000026c    00000004     Lab01.obj (.data)

.stack     0    20000270    00000200     UNINITIALIZED
                  20000270    00000004     rtsv7M4_T_le_v4SPD16_eabi.lib : boot_cortex_m.c.obj (.stack)
                  20000274    000001fc     --HOLE--

MODULE SUMMARY

       Module                          code   ro data   rw data
       ------                          ----   -------   -------
    .\
       Lab01.obj                       540    0         4      
       tm4c129encpdt_startup_ccs.obj   12     520       0      
    +--+-------------------------------+------+---------+---------+
       Total:                          552    520       4      
                                                               
    C:/Tools/TexasInstruments/TivaWare_C_Series-2.1.4.178/driverlib/ccs/Debug/driverlib.lib
       sysctl.obj                      730    596       0      
       interrupt.obj                   172    112       620    
       timer.obj                       240    160       0      
       gpio.obj                        378    0         0      
       cpu.obj                         12     0         0      
    +--+-------------------------------+------+---------+---------+
       Total:                          1532   868       620    
                                                               
    C:\Tools\TexasInstruments\ccsv8\tools\compiler\ti-cgt-arm_18.1.1.LTS\lib\rtsv7M4_T_le_v4SPD16_eabi.lib
       memcpy_t2.asm.obj               156    0         0      
       copy_decompress_lzss.c.obj      104    0         0      
       autoinit.c.obj                  68     0         0      
       boot_cortex_m.c.obj             56     0         0      
       copy_zero_init.c.obj            18     0         0      
       copy_decompress_none.c.obj      14     0         0      
       exit.c.obj                      4      0         0      
       pre_init.c.obj                  4      0         0      
    +--+-------------------------------+------+---------+---------+
       Total:                          424    0         0      
                                                               
       Stack:                          0      0         512    
       Linker Generated:               0      44        0      
    +--+-------------------------------+------+---------+---------+
       Grand Total:                    2508   1432      1136   


LINKER GENERATED COPY TABLES

__TI_cinit_table @ 00000f60 records: 2, size/record: 8, table size: 16
	.data: load addr=00000f4c, load size=00000008 bytes, run addr=2000026c, run size=00000004 bytes, compression=lzss
	.vtable: load addr=00000f58, load size=00000008 bytes, run addr=20000000, run size=0000026c bytes, compression=zero_init


LINKER GENERATED HANDLER TABLE

__TI_handler_table @ 00000f40 records: 3, size/record: 4, table size: 12
	index: 0, handler: __TI_zero_init
	index: 1, handler: __TI_decompress_lzss
	index: 2, handler: __TI_decompress_none


GLOBAL SYMBOLS: SORTED ALPHABETICALLY BY Name 

address   name                          
-------   ----                          
00000bd5  C$$EXIT                       
00000ba1  CPUcpsie                      
00000ad5  GPIODirModeSet                
00000625  GPIOPadConfigSet              
00000b21  GPIOPinTypeGPIOOutput         
00000bc1  GPIOPinWrite                  
000007f5  IntEnable                     
00000b75  IntMasterEnable               
00000a6d  IntRegister                   
00000bad  ResetISR                      
00000425  SysCtlClockFreqSet            
00000bc7  SysCtlDelay                   
00000aa1  SysCtlPeripheralEnable        
000009fd  SysCtlPeripheralReady         
000002b9  Timer0IntHandler              
000008c5  TimerConfigure                
00000b85  TimerEnable                   
00000bcd  TimerIntClear                 
00000bb9  TimerIntEnable                
00000b39  TimerIntRegister              
00000b51  TimerLoadSet                  
20000470  __STACK_END                   
00000200  __STACK_SIZE                  
20000470  __STACK_TOP                   
00000f60  __TI_CINIT_Base               
00000f70  __TI_CINIT_Limit              
00000f40  __TI_Handler_Table_Base       
00000f4c  __TI_Handler_Table_Limit      
000009b9  __TI_auto_init_nobinit_nopinit
0000085d  __TI_decompress_lzss          
00000b93  __TI_decompress_none          
ffffffff  __TI_pprof_out_hndl           
ffffffff  __TI_prof_data_size           
ffffffff  __TI_prof_data_start          
00000000  __TI_static_base__            
00000b63  __TI_zero_init_nomemset       
00000757  __aeabi_memcpy                
00000757  __aeabi_memcpy4               
00000757  __aeabi_memcpy8               
ffffffff  __binit__                     
ffffffff  __c_args__                    
UNDEFED   __mpu_init                    
20000270  __stack                       
00000a35  _c_int00_noargs               
UNDEFED   _system_post_cinit            
00000bd1  _system_pre_init              
00000bd5  abort                         
ffffffff  binit                         
2000026c  counter                       
20000000  g_pfnRAMVectors               
00000000  g_pfnVectors                  
00000209  main                          
00000757  memcpy                        
000003d9  setLamps                      


GLOBAL SYMBOLS: SORTED BY Symbol Address 

address   name                          
-------   ----                          
00000000  __TI_static_base__            
00000000  g_pfnVectors                  
00000200  __STACK_SIZE                  
00000209  main                          
000002b9  Timer0IntHandler              
000003d9  setLamps                      
00000425  SysCtlClockFreqSet            
00000625  GPIOPadConfigSet              
00000757  __aeabi_memcpy                
00000757  __aeabi_memcpy4               
00000757  __aeabi_memcpy8               
00000757  memcpy                        
000007f5  IntEnable                     
0000085d  __TI_decompress_lzss          
000008c5  TimerConfigure                
000009b9  __TI_auto_init_nobinit_nopinit
000009fd  SysCtlPeripheralReady         
00000a35  _c_int00_noargs               
00000a6d  IntRegister                   
00000aa1  SysCtlPeripheralEnable        
00000ad5  GPIODirModeSet                
00000b21  GPIOPinTypeGPIOOutput         
00000b39  TimerIntRegister              
00000b51  TimerLoadSet                  
00000b63  __TI_zero_init_nomemset       
00000b75  IntMasterEnable               
00000b85  TimerEnable                   
00000b93  __TI_decompress_none          
00000ba1  CPUcpsie                      
00000bad  ResetISR                      
00000bb9  TimerIntEnable                
00000bc1  GPIOPinWrite                  
00000bc7  SysCtlDelay                   
00000bcd  TimerIntClear                 
00000bd1  _system_pre_init              
00000bd5  C$$EXIT                       
00000bd5  abort                         
00000f40  __TI_Handler_Table_Base       
00000f4c  __TI_Handler_Table_Limit      
00000f60  __TI_CINIT_Base               
00000f70  __TI_CINIT_Limit              
20000000  g_pfnRAMVectors               
2000026c  counter                       
20000270  __stack                       
20000470  __STACK_END                   
20000470  __STACK_TOP                   
ffffffff  __TI_pprof_out_hndl           
ffffffff  __TI_prof_data_size           
ffffffff  __TI_prof_data_start          
ffffffff  __binit__                     
ffffffff  __c_args__                    
ffffffff  binit                         
UNDEFED   __mpu_init                    
UNDEFED   _system_post_cinit            

[54 symbols]
